Archive member included to satisfy reference by file (symbol)

C:\Users\sombr\Documents\MCUXpressoIDE_10.1.1_606\workspace\lpc54018iotmodule_aws_examples_aws_shadow_wifi_qspi_xip\libs\libpower_hardabi.a(fsl_power_lib.o)
                              ./drivers/fsl_clock.o (POWER_SetVoltageForFreq)
c:/nxp/mcuxpressoide_10.1.1_606/ide/tools/bin/../lib/gcc/arm-none-eabi/6.3.1/../../../../arm-none-eabi/lib/thumb/v7e-m/fpv4-sp/hard\libcr_nohost_nf.a(_cr__main.o)
                              ./startup/startup_lpc54018.o (__main)
c:/nxp/mcuxpressoide_10.1.1_606/ide/tools/bin/../lib/gcc/arm-none-eabi/6.3.1/../../../../arm-none-eabi/lib/thumb/v7e-m/fpv4-sp/hard\libcr_nohost_nf.a(_cr_assert.o)
                              ./wifi_qca/port/shields/wifi_shield.o (__assertion_failed)
c:/nxp/mcuxpressoide_10.1.1_606/ide/tools/bin/../lib/gcc/arm-none-eabi/6.3.1/../../../../arm-none-eabi/lib/thumb/v7e-m/fpv4-sp/hard\libcr_nohost_nf.a(__ciob.o)
                              c:/nxp/mcuxpressoide_10.1.1_606/ide/tools/bin/../lib/gcc/arm-none-eabi/6.3.1/../../../../arm-none-eabi/lib/thumb/v7e-m/fpv4-sp/hard\libcr_nohost_nf.a(_cr_assert.o) (__Ciob)
c:/nxp/mcuxpressoide_10.1.1_606/ide/tools/bin/../lib/gcc/arm-none-eabi/6.3.1/../../../../arm-none-eabi/lib/thumb/v7e-m/fpv4-sp/hard\libcr_nohost_nf.a(__sys_appexit.o)
                              c:/nxp/mcuxpressoide_10.1.1_606/ide/tools/bin/../lib/gcc/arm-none-eabi/6.3.1/../../../../arm-none-eabi/lib/thumb/v7e-m/fpv4-sp/hard\libcr_nohost_nf.a(_cr_assert.o) (__sys_appexit)
c:/nxp/mcuxpressoide_10.1.1_606/ide/tools/bin/../lib/gcc/arm-none-eabi/6.3.1/../../../../arm-none-eabi/lib/thumb/v7e-m/fpv4-sp/hard\libcr_c.a(memcpy.o)
                              ./wifi_qca/custom_src/stack_custom/cust_api_stack_offload.o (memcpy)
c:/nxp/mcuxpressoide_10.1.1_606/ide/tools/bin/../lib/gcc/arm-none-eabi/6.3.1/../../../../arm-none-eabi/lib/thumb/v7e-m/fpv4-sp/hard\libcr_c.a(memmove.o)
                              ./wifi_qca/custom_src/stack_custom/cust_api_stack_offload.o (memmove)
c:/nxp/mcuxpressoide_10.1.1_606/ide/tools/bin/../lib/gcc/arm-none-eabi/6.3.1/../../../../arm-none-eabi/lib/thumb/v7e-m/fpv4-sp/hard\libcr_c.a(memset.o)
                              ./wifi_qca/port/shields/wifi_shield.o (memset)
c:/nxp/mcuxpressoide_10.1.1_606/ide/tools/bin/../lib/gcc/arm-none-eabi/6.3.1/../../../../arm-none-eabi/lib/thumb/v7e-m/fpv4-sp/hard\libcr_c.a(_deferredlazyseek.o)
                              c:/nxp/mcuxpressoide_10.1.1_606/ide/tools/bin/../lib/gcc/arm-none-eabi/6.3.1/../../../../arm-none-eabi/lib/thumb/v7e-m/fpv4-sp/hard\libcr_nohost_nf.a(_cr_assert.o) (__flsbuf)
c:/nxp/mcuxpressoide_10.1.1_606/ide/tools/bin/../lib/gcc/arm-none-eabi/6.3.1/../../../../arm-none-eabi/lib/thumb/v7e-m/fpv4-sp/hard\libcr_c.a(_fflush.o)
                              c:/nxp/mcuxpressoide_10.1.1_606/ide/tools/bin/../lib/gcc/arm-none-eabi/6.3.1/../../../../arm-none-eabi/lib/thumb/v7e-m/fpv4-sp/hard\libcr_c.a(_deferredlazyseek.o) (_fflush)
c:/nxp/mcuxpressoide_10.1.1_606/ide/tools/bin/../lib/gcc/arm-none-eabi/6.3.1/../../../../arm-none-eabi/lib/thumb/v7e-m/fpv4-sp/hard\libcr_c.a(_writebuf.o)
                              c:/nxp/mcuxpressoide_10.1.1_606/ide/tools/bin/../lib/gcc/arm-none-eabi/6.3.1/../../../../arm-none-eabi/lib/thumb/v7e-m/fpv4-sp/hard\libcr_c.a(_deferredlazyseek.o) (_Cwritebuf)
c:/nxp/mcuxpressoide_10.1.1_606/ide/tools/bin/../lib/gcc/arm-none-eabi/6.3.1/../../../../arm-none-eabi/lib/thumb/v7e-m/fpv4-sp/hard\libcr_c.a(alloc.o)
                              ./drivers/fsl_common.o (malloc)
c:/nxp/mcuxpressoide_10.1.1_606/ide/tools/bin/../lib/gcc/arm-none-eabi/6.3.1/../../../../arm-none-eabi/lib/thumb/v7e-m/fpv4-sp/hard\libcr_c.a(fputs.o)
                              c:/nxp/mcuxpressoide_10.1.1_606/ide/tools/bin/../lib/gcc/arm-none-eabi/6.3.1/../../../../arm-none-eabi/lib/thumb/v7e-m/fpv4-sp/hard\libcr_nohost_nf.a(_cr_assert.o) (fputs)
c:/nxp/mcuxpressoide_10.1.1_606/ide/tools/bin/../lib/gcc/arm-none-eabi/6.3.1/../../../../arm-none-eabi/lib/thumb/v7e-m/fpv4-sp/hard\libcr_c.a(fseek.o)
                              c:/nxp/mcuxpressoide_10.1.1_606/ide/tools/bin/../lib/gcc/arm-none-eabi/6.3.1/../../../../arm-none-eabi/lib/thumb/v7e-m/fpv4-sp/hard\libcr_c.a(_deferredlazyseek.o) (fseek)
c:/nxp/mcuxpressoide_10.1.1_606/ide/tools/bin/../lib/gcc/arm-none-eabi/6.3.1/../../../../arm-none-eabi/lib/thumb/v7e-m/fpv4-sp/hard\libcr_c.a(ftell.o)
                              c:/nxp/mcuxpressoide_10.1.1_606/ide/tools/bin/../lib/gcc/arm-none-eabi/6.3.1/../../../../arm-none-eabi/lib/thumb/v7e-m/fpv4-sp/hard\libcr_c.a(fseek.o) (ftell)
c:/nxp/mcuxpressoide_10.1.1_606/ide/tools/bin/../lib/gcc/arm-none-eabi/6.3.1/../../../../arm-none-eabi/lib/thumb/v7e-m/fpv4-sp/hard\libcr_c.a(initio.o)
                              c:/nxp/mcuxpressoide_10.1.1_606/ide/tools/bin/../lib/gcc/arm-none-eabi/6.3.1/../../../../arm-none-eabi/lib/thumb/v7e-m/fpv4-sp/hard\libcr_nohost_nf.a(_cr__main.o) (_initio)
[...]
Memory Configuration

Name             Origin             Length             Attributes
BOARD_FLASH      0x10000000         0x01000000         xr
SRAMX            0x00000000         0x00030000         xrw
SRAM_0_1_2_3     0x20000000         0x00028000         xrw
USB_RAM          0x40100000         0x00002000         xrw
*default*        0x00000000         0xffffffff

Linker script and memory map

LOAD ./wifi_qca/port/shields/wifi_shield.o
LOAD ./wifi_qca/port/env/freertos/wifi_env.o
LOAD ./wifi_qca/port/drivers/flexcomm_freertos/wifi_spi.o
LOAD ./wifi_qca/custom_src/stack_custom/cust_api_stack_offload.o
LOAD ./wifi_qca/custom_src/stack_custom/cust_api_stack_txrx.o
LOAD ./wifi_qca/custom_src/qapi/custom_qcom_api.o
LOAD ./wifi_qca/custom_src/hw_interface/cust_spi_hcd.o
LOAD ./wifi_qca/custom_src/driver/cust_driver_main.o
LOAD ./wifi_qca/custom_src/driver/cust_driver_netbuf.o
LOAD ./wifi_qca/custom_src/api_interface/cust_api_init.o
LOAD ./wifi_qca/custom_src/api_interface/cust_api_ioctl.o
LOAD ./wifi_qca/custom_src/api_interface/cust_api_txrx.o
LOAD ./wifi_qca/custom_src/api_interface/cust_api_wmi_rx.o
LOAD ./wifi_qca/common_src/wmi/wmi.o
LOAD ./wifi_qca/common_src/util/util.o
LOAD ./wifi_qca/common_src/storerecall/dset.o
LOAD ./wifi_qca/common_src/storerecall/storerecall.o
LOAD ./wifi_qca/common_src/stack_common/dset_api.o
LOAD ./wifi_qca/common_src/reorder/rcv_aggr.o
LOAD ./wifi_qca/common_src/qapi/api_stack_offload.o
LOAD ./wifi_qca/common_src/qapi/qcom_api.o
LOAD ./wifi_qca/common_src/qapi/qcom_dns.o
LOAD ./wifi_qca/common_src/qapi/qcom_legacy.o
LOAD ./wifi_qca/common_src/hw_interface/hw_api.o
LOAD ./wifi_qca/common_src/htc/htc.o
LOAD ./wifi_qca/common_src/htc/spi_hcd.o
LOAD ./wifi_qca/common_src/driver/driver_diag.o
LOAD ./wifi_qca/common_src/driver/driver_init.o
LOAD ./wifi_qca/common_src/driver/driver_main.o
LOAD ./wifi_qca/common_src/driver/driver_netbuf.o
LOAD ./wifi_qca/common_src/driver/driver_txrx.o
LOAD ./wifi_qca/common_src/bmi/bmi.o
LOAD ./wifi_qca/common_src/api_interface/api_init.o
LOAD ./wifi_qca/common_src/api_interface/api_ioctl.o
LOAD ./wifi_qca/common_src/api_interface/api_txrx.o
LOAD ./wifi_qca/common_src/api_interface/api_wmi_rx.o
LOAD ./utilities/fsl_assert.o
LOAD ./utilities/fsl_debug_console.o
LOAD ./utilities/fsl_io.o
LOAD ./utilities/fsl_log.o
LOAD ./utilities/fsl_str.o
LOAD ./startup/startup_lpc54018.o
LOAD ./source/aws_shadow_lightbulb_on_off.o
LOAD ./source/main.o
LOAD ./source/semihost_hardfault.o
LOAD ./mbedTLS/port/ksdk/des_alt.o
LOAD ./mbedTLS/port/ksdk/ksdk_mbedtls.o
LOAD ./mbedTLS/library/aes.o
LOAD ./mbedTLS/library/aesni.o
LOAD ./mbedTLS/library/arc4.o
LOAD ./mbedTLS/library/asn1parse.o
LOAD ./mbedTLS/library/asn1write.o
LOAD ./mbedTLS/library/base64.o
LOAD ./mbedTLS/library/bignum.o
LOAD ./mbedTLS/library/blowfish.o
LOAD ./mbedTLS/library/camellia.o
LOAD ./mbedTLS/library/ccm.o
LOAD ./mbedTLS/library/certs.o
LOAD ./mbedTLS/library/cipher.o
LOAD ./mbedTLS/library/cipher_wrap.o
LOAD ./mbedTLS/library/cmac.o
LOAD ./mbedTLS/library/ctr_drbg.o
LOAD ./mbedTLS/library/debug.o
LOAD ./mbedTLS/library/des.o
LOAD ./mbedTLS/library/dhm.o
LOAD ./mbedTLS/library/ecdh.o
LOAD ./mbedTLS/library/ecdsa.o
LOAD ./mbedTLS/library/ecjpake.o
LOAD ./mbedTLS/library/ecp.o
LOAD ./mbedTLS/library/ecp_curves.o
LOAD ./mbedTLS/library/entropy.o
LOAD ./mbedTLS/library/entropy_poll.o
LOAD ./mbedTLS/library/error.o
LOAD ./mbedTLS/library/gcm.o
LOAD ./mbedTLS/library/havege.o
LOAD ./mbedTLS/library/hmac_drbg.o
LOAD ./mbedTLS/library/md.o
LOAD ./mbedTLS/library/md2.o
LOAD ./mbedTLS/library/md4.o
LOAD ./mbedTLS/library/md5.o
LOAD ./mbedTLS/library/md_wrap.o
LOAD ./mbedTLS/library/memory_buffer_alloc.o
LOAD ./mbedTLS/library/net_sockets.o
LOAD ./mbedTLS/library/oid.o
LOAD ./mbedTLS/library/padlock.o
LOAD ./mbedTLS/library/pem.o
LOAD ./mbedTLS/library/pk.o
LOAD ./mbedTLS/library/pk_wrap.o
LOAD ./mbedTLS/library/pkcs12.o
LOAD ./mbedTLS/library/pkcs5.o
LOAD ./mbedTLS/library/pkparse.o
LOAD ./mbedTLS/library/pkwrite.o
LOAD ./mbedTLS/library/platform.o
LOAD ./mbedTLS/library/ripemd160.o
LOAD ./mbedTLS/library/rsa.o
LOAD ./mbedTLS/library/sha1.o
LOAD ./mbedTLS/library/sha256.o
LOAD ./mbedTLS/library/sha512.o
LOAD ./mbedTLS/library/ssl_cache.o
LOAD ./mbedTLS/library/ssl_ciphersuites.o
LOAD ./mbedTLS/library/ssl_cli.o
LOAD ./mbedTLS/library/ssl_cookie.o
LOAD ./mbedTLS/library/ssl_srv.o
LOAD ./mbedTLS/library/ssl_ticket.o
LOAD ./mbedTLS/library/ssl_tls.o
LOAD ./mbedTLS/library/threading.o
LOAD ./mbedTLS/library/timing.o
LOAD ./mbedTLS/library/version.o
LOAD ./mbedTLS/library/version_features.o
LOAD ./mbedTLS/library/x509.o
LOAD ./mbedTLS/library/x509_create.o
LOAD ./mbedTLS/library/x509_crl.o
LOAD ./mbedTLS/library/x509_crt.o
LOAD ./mbedTLS/library/x509_csr.o
LOAD ./mbedTLS/library/x509write_crt.o
LOAD ./mbedTLS/library/x509write_csr.o
LOAD ./mbedTLS/library/xtea.o
LOAD ./drivers/fsl_clock.o
LOAD ./drivers/fsl_common.o
LOAD ./drivers/fsl_dma.o
LOAD ./drivers/fsl_emc.o
LOAD ./drivers/fsl_flexcomm.o
LOAD ./drivers/fsl_gpio.o
LOAD ./drivers/fsl_inputmux.o
LOAD ./drivers/fsl_pint.o
LOAD ./drivers/fsl_power.o
LOAD ./drivers/fsl_reset.o
LOAD ./drivers/fsl_sha.o
LOAD ./drivers/fsl_spi.o
LOAD ./drivers/fsl_spi_dma.o
LOAD ./drivers/fsl_spifi.o
LOAD ./drivers/fsl_usart.o
LOAD ./board/board.o
LOAD ./board/clock_config.o
LOAD ./board/pin_mux.o
LOAD ./amazon-freertos/wifi/aws_wifi.o
LOAD ./amazon-freertos/utils/aws_system_init.o
LOAD ./amazon-freertos/tls/aws_tls.o
LOAD ./amazon-freertos/third_party/jsmn/jsmn.o
LOAD ./amazon-freertos/shadow/aws_shadow.o
LOAD ./amazon-freertos/shadow/aws_shadow_json.o
LOAD ./amazon-freertos/secure_sockets/aws_secure_sockets.o
LOAD ./amazon-freertos/portable/fsl_tickless_systick.o
LOAD ./amazon-freertos/pkcs11/pkcs11.o
LOAD ./amazon-freertos/mqtt/aws_mqtt_agent.o
LOAD ./amazon-freertos/mqtt/aws_mqtt_lib.o
LOAD ./amazon-freertos/logging/aws_logging_task_dynamic_buffers.o
LOAD ./amazon-freertos/drivers/mflash_drv.o
LOAD ./amazon-freertos/drivers/mflash_file.o
LOAD ./amazon-freertos/devmode_key_provisioning/aws_dev_mode_key_provisioning.o
LOAD ./amazon-freertos/crypto/aws_crypto.o
LOAD ./amazon-freertos/bufferpool/aws_bufferpool_static_thread_safe.o
LOAD ./amazon-freertos/FreeRTOS/portable/heap_4.o
LOAD ./amazon-freertos/FreeRTOS/portable/port.o
LOAD ./amazon-freertos/FreeRTOS/event_groups.o
LOAD ./amazon-freertos/FreeRTOS/list.o
LOAD ./amazon-freertos/FreeRTOS/queue.o
LOAD ./amazon-freertos/FreeRTOS/stream_buffer.o
LOAD ./amazon-freertos/FreeRTOS/tasks.o
LOAD ./amazon-freertos/FreeRTOS/timers.o
LOAD ./CMSIS/system_LPC54018.o
LOAD C:\Users\sombr\Documents\MCUXpressoIDE_10.1.1_606\workspace\lpc54018iotmodule_aws_examples_aws_shadow_wifi_qspi_xip\libs\libpower_hardabi.a
START GROUP
LOAD c:/nxp/mcuxpressoide_10.1.1_606/ide/tools/bin/../lib/gcc/arm-none-eabi/6.3.1/../../../../arm-none-eabi/lib/thumb/v7e-m/fpv4-sp/hard\libcr_nohost_nf.a
LOAD c:/nxp/mcuxpressoide_10.1.1_606/ide/tools/bin/../lib/gcc/arm-none-eabi/6.3.1/../../../../arm-none-eabi/lib/thumb/v7e-m/fpv4-sp/hard\libcr_c.a
LOAD c:/nxp/mcuxpressoide_10.1.1_606/ide/tools/bin/../lib/gcc/arm-none-eabi/6.3.1/thumb/v7e-m/fpv4-sp/hard\libcr_eabihelpers.a
END GROUP
                0x10000000                __base_BOARD_FLASH = 0x10000000
                0x10000000                __base_Flash = 0x10000000
                0x11000000                __top_BOARD_FLASH = 0x11000000
                0x11000000                __top_Flash = 0x11000000
                0x00000000                __base_SRAMX = 0x0
                0x00000000                __base_RAM = 0x0
                0x00030000                __top_SRAMX = 0x30000
                0x00030000                __top_RAM = 0x30000
                0x20000000                __base_SRAM_0_1_2_3 = 0x20000000
                0x20000000                __base_RAM2 = 0x20000000
                0x20028000                __top_SRAM_0_1_2_3 = 0x20028000
                0x20028000                __top_RAM2 = 0x20028000
                0x40100000                __base_USB_RAM = 0x40100000
                0x40100000                __base_RAM3 = 0x40100000
                0x40102000                __top_USB_RAM = 0x40102000
                0x40102000                __top_RAM3 = 0x40102000

.text           0x10000000    0x468a8
 FILL mask 0xff
                0x10000000                __vectors_start__ = ABSOLUTE (.)
 *(.isr_vector)
 .isr_vector    0x10000000      0x1c4 ./startup/startup_lpc54018.o
                0x10000000                g_pfnVectors
                0x10000000                __Vectors
                0x100001c4                . = ALIGN (0x4)
                0x100001c4                __section_table_start = .
                0x100001c4                __data_section_table = .
                0x100001c4        0x4 LONG 0x10054374 LOADADDR (.data)
                0x100001c8        0x4 LONG 0x0 ADDR (.data)
                0x100001cc        0x4 LONG 0x268 SIZEOF (.data)
                0x100001d0        0x4 LONG 0x100468a8 LOADADDR (.data_RAM2)
                0x100001d4        0x4 LONG 0x20000000 ADDR (.data_RAM2)
                0x100001d8        0x4 LONG 0xdacc SIZEOF (.data_RAM2)
                0x100001dc        0x4 LONG 0x10054374 LOADADDR (.data_RAM3)
                0x100001e0        0x4 LONG 0x40100000 ADDR (.data_RAM3)
                0x100001e4        0x4 LONG 0x0 SIZEOF (.data_RAM3)
                0x100001e8                __data_section_table_end = .
                0x100001e8                __bss_section_table = .
                0x100001e8        0x4 LONG 0x400 ADDR (.bss)
                0x100001ec        0x4 LONG 0x175f8 SIZEOF (.bss)
                0x100001f0        0x4 LONG 0x2000dacc ADDR (.bss_RAM2)
                0x100001f4        0x4 LONG 0x0 SIZEOF (.bss_RAM2)
                0x100001f8        0x4 LONG 0x40100000 ADDR (.bss_RAM3)
                0x100001fc        0x4 LONG 0x0 SIZEOF (.bss_RAM3)
                0x10000200                __bss_section_table_end = .
                0x10000200                __section_table_end = .
 *(.after_vectors*)
 .after_vectors.init_data
                0x10000200       0x1e ./startup/startup_lpc54018.o
                0x10000200                data_init
 .after_vectors.init_bss
                0x1000021e       0x12 ./startup/startup_lpc54018.o
                0x1000021e                bss_init
 .after_vectors.reset
                0x10000230       0x58 ./startup/startup_lpc54018.o
                0x10000230                ResetISR
 .after_vectors
                0x10000288       0x14 ./startup/startup_lpc54018.o
                0x10000288                NMI_Handler
                0x1000028c                MemManage_Handler
                0x1000028e                BusFault_Handler
                0x10000290                UsageFault_Handler
                0x10000294                DebugMon_Handler
                0x1000029a                CTIMER2_DriverIRQHandler
                0x1000029a                SPIFI0_DriverIRQHandler
                0x1000029a                ETHERNET_DriverIRQHandler
                0x1000029a                IntDefaultHandler
                0x1000029a                USB0_DriverIRQHandler
                0x1000029a                FLEXCOMM10_DriverIRQHandler
                0x1000029a                MRT0_DriverIRQHandler
                0x1000029a                UTICK0_DriverIRQHandler
                0x1000029a                DMIC0_DriverIRQHandler
                0x1000029a                CAN1_IRQ0_DriverIRQHandler
                0x1000029a                Reserved47_DriverIRQHandler
                0x1000029a                ADC0_THCMP_DriverIRQHandler
                0x1000029a                CTIMER4_DriverIRQHandler
                0x1000029a                GINT1_DriverIRQHandler
                0x1000029a                CAN0_IRQ1_DriverIRQHandler
                0x1000029a                USB0_NEEDCLK_DriverIRQHandler
                0x1000029a                CAN0_IRQ0_DriverIRQHandler
                0x1000029a                CTIMER0_DriverIRQHandler
                0x1000029a                CTIMER1_DriverIRQHandler
                0x1000029a                ETHERNET_MACLP_DriverIRQHandler
                0x1000029a                CTIMER3_DriverIRQHandler
                0x1000029a                HWVAD0_DriverIRQHandler
                0x1000029a                RTC_DriverIRQHandler
                0x1000029a                LCD_DriverIRQHandler
                0x1000029a                RIT_DriverIRQHandler
                0x1000029a                ETHERNET_PMT_DriverIRQHandler
                0x1000029a                USB1_DriverIRQHandler
                0x1000029a                CAN1_IRQ1_DriverIRQHandler
                0x1000029a                ADC0_SEQA_DriverIRQHandler
                0x1000029a                USB1_NEEDCLK_DriverIRQHandler
                0x1000029a                Reserved68_DriverIRQHandler
                0x1000029a                SMARTCARD0_DriverIRQHandler
                0x1000029a                SDIO_DriverIRQHandler
                0x1000029a                SHA_DriverIRQHandler
                0x1000029a                GINT0_DriverIRQHandler
                0x1000029a                SMARTCARD1_DriverIRQHandler
                0x1000029a                ADC0_SEQB_DriverIRQHandler
                0x1000029a                WDT_BOD_DriverIRQHandler
                0x1000029a                SCT0_DriverIRQHandler
 *(EXCLUDE_FILE(*/bignum.o */fsl_spifi.o */mflash_drv.o) .text*)
 .text.__NVIC_EnableIRQ
                0x1000029c       0x34 ./wifi_qca/port/shields/wifi_shield.o
 .text.__NVIC_SetPriority
                0x100002d0       0x50 ./wifi_qca/port/shields/wifi_shield.o
 .text.CLOCK_EnableClock
                0x10000320       0x50 ./wifi_qca/port/shields/wifi_shield.o
 .text.GPIO_PinWrite
                0x10000370       0x24 ./wifi_qca/port/shields/wifi_shield.o
 .text.WIFISHIELD_Init
                0x10000394       0xc4 ./wifi_qca/port/shields/wifi_shield.o
                0x10000394                WIFISHIELD_Init
 .text.WIFISHIELD_InitDrivers
                0x10000458       0xac ./wifi_qca/port/shields/wifi_shield.o
                0x10000458                WIFISHIELD_InitDrivers
 .text.WIFISHIELD_DeinitDrivers
                0x10000504        0xc ./wifi_qca/port/shields/wifi_shield.o
                0x10000504                WIFISHIELD_DeinitDrivers
 .text.WIFISHIELD_PowerUp
                0x10000510       0x34 ./wifi_qca/port/shields/wifi_shield.o
                0x10000510                WIFISHIELD_PowerUp
 .text.WIFISHIELD_NotifyDriverTask
                0x10000544       0x26 ./wifi_qca/port/shields/wifi_shield.o
                0x10000544                WIFISHIELD_NotifyDriverTask
 *fill*         0x1000056a        0x2 ff
 .text.PINT_callback
                0x1000056c       0x30 ./wifi_qca/port/shields/wifi_shield.o
 .text.a_free   0x1000059c       0x1a ./wifi_qca/port/env/freertos/wifi_env.o
                0x1000059c                a_free
 *fill*         0x100005b6        0x2 ff
 .text.a_malloc
                0x100005b8       0x48 ./wifi_qca/port/env/freertos/wifi_env.o
                0x100005b8                a_malloc
 .text.a_mutex_init
                0x10000600       0x3c ./wifi_qca/port/env/freertos/wifi_env.o
                0x10000600                a_mutex_init
 .text.a_mutex_acquire
                0x1000063c       0x54 ./wifi_qca/port/env/freertos/wifi_env.o
                0x1000063c                a_mutex_acquire
 .text.a_mutex_release
                0x10000690       0x60 ./wifi_qca/port/env/freertos/wifi_env.o
                0x10000690                a_mutex_release
 .text.a_is_mutex_valid
                0x100006f0        0xc ./wifi_qca/port/env/freertos/wifi_env.o
                0x100006f0                a_is_mutex_valid
 .text.a_mutex_delete
                0x100006fc       0x3c ./wifi_qca/port/env/freertos/wifi_env.o
                0x100006fc                a_mutex_delete
 .text.a_event_delete
                0x10000738       0x2c ./wifi_qca/port/env/freertos/wifi_env.o
                0x10000738                a_event_delete
 .text.a_event_init
                0x10000764       0x48 ./wifi_qca/port/env/freertos/wifi_env.o
                0x10000764                a_event_init
 .text.a_event_clear
                0x100007ac       0x48 ./wifi_qca/port/env/freertos/wifi_env.o
                0x100007ac                a_event_clear
 .text.a_event_set
                0x100007f4       0x70 ./wifi_qca/port/env/freertos/wifi_env.o
                0x100007f4                a_event_set
 .text.a_event_wait
                0x10000864       0x78 ./wifi_qca/port/env/freertos/wifi_env.o
                0x10000864                a_event_wait
 .text.OSA_EnterCritical
                0x100008dc       0x7c ./wifi_qca/port/env/freertos/wifi_env.o
                0x100008dc                OSA_EnterCritical
 .text.OSA_ExitCritical
                0x10000958       0x68 ./wifi_qca/port/env/freertos/wifi_env.o
                0x10000958                OSA_ExitCritical
 .text.__NVIC_SetPriority
                0x100009c0       0x50 ./wifi_qca/port/drivers/flexcomm_freertos/wifi_spi.o
 .text.DMA_EnableChannel
                0x10000a10       0x60 ./wifi_qca/port/drivers/flexcomm_freertos/wifi_spi.o
 .text.DMA_SetChannelPriority
                0x10000a70       0x50 ./wifi_qca/port/drivers/flexcomm_freertos/wifi_spi.o
 .text.DMA_GetInstance
                0x10000ac0       0x50 ./wifi_qca/port/drivers/flexcomm_freertos/wifi_spi.o
 .text.SPI_DMA_MasterUserCallback
                0x10000b10       0x44 ./wifi_qca/port/drivers/flexcomm_freertos/wifi_spi.o
 .text.SPI_MasterUserCallback
                0x10000b54       0x44 ./wifi_qca/port/drivers/flexcomm_freertos/wifi_spi.o
 .text.WIFIDRVS_SPI_InitIRQMode
                0x10000b98       0x4c ./wifi_qca/port/drivers/flexcomm_freertos/wifi_spi.o
 .text.WIFIDRVS_SPI_InitDMAMode
                0x10000be4       0xc4 ./wifi_qca/port/drivers/flexcomm_freertos/wifi_spi.o
 .text.WIFIDRVS_SPI_InitPeriph
                0x10000ca8       0x8c ./wifi_qca/port/drivers/flexcomm_freertos/wifi_spi.o
 .text.WIFIDRVS_SPI_DMA_Transfer
                0x10000d34       0x84 ./wifi_qca/port/drivers/flexcomm_freertos/wifi_spi.o
 .text.WIFIDRVS_SPI_IRQ_Transfer
                0x10000db8       0x6c ./wifi_qca/port/drivers/flexcomm_freertos/wifi_spi.o
 .text.WIFIDRVS_SPI_Transfer
                0x10000e24       0xe0 ./wifi_qca/port/drivers/flexcomm_freertos/wifi_spi.o
 .text.WIFIDRVS_SPI_Init
                0x10000f04       0xf4 ./wifi_qca/port/drivers/flexcomm_freertos/wifi_spi.o
                0x10000f04                WIFIDRVS_SPI_Init
 .text.WIFIDRVS_SPI_GetDefaultConfig
                0x10000ff8       0x48 ./wifi_qca/port/drivers/flexcomm_freertos/wifi_spi.o
                0x10000ff8                WIFIDRVS_SPI_GetDefaultConfig
 .text.WIFIDRVS_SPI_GetSPIConfig
                0x10001040       0x70 ./wifi_qca/port/drivers/flexcomm_freertos/wifi_spi.o
                0x10001040                WIFIDRVS_SPI_GetSPIConfig
 .text.WIFIDRVS_SPI_InOutToken
                0x100010b0       0x78 ./wifi_qca/port/drivers/flexcomm_freertos/wifi_spi.o
                0x100010b0                WIFIDRVS_SPI_InOutToken
 .text.WIFIDRVS_SPI_InOutBuffer
                0x10001128       0x90 ./wifi_qca/port/drivers/flexcomm_freertos/wifi_spi.o
                0x10001128                WIFIDRVS_SPI_InOutBuffer
 .text.t_socket
                0x100011b8       0x4a ./wifi_qca/custom_src/stack_custom/cust_api_stack_offload.o
                0x100011b8                t_socket
 .text.t_shutdown
                0x10001202       0x42 ./wifi_qca/custom_src/stack_custom/cust_api_stack_offload.o
                0x10001202                t_shutdown
 .text.t_connect
                0x10001244       0x4e ./wifi_qca/custom_src/stack_custom/cust_api_stack_offload.o
                0x10001244                t_connect
 .text.t_select
                0x10001292       0x46 ./wifi_qca/custom_src/stack_custom/cust_api_stack_offload.o
                0x10001292                t_select
 .text.t_setsockopt
                0x100012d8       0x52 ./wifi_qca/custom_src/stack_custom/cust_api_stack_offload.o
                0x100012d8                t_setsockopt
 .text.t_ipconfig
                0x1000132a       0x64 ./wifi_qca/custom_src/stack_custom/cust_api_stack_offload.o
                0x1000132a                t_ipconfig
 *fill*         0x1000138e        0x2 ff
 .text.Custom_Api_Dhcps_Success_Callback_Event
                0x10001390       0x34 ./wifi_qca/custom_src/stack_custom/cust_api_stack_offload.o
                0x10001390                Custom_Api_Dhcps_Success_Callback_Event
 .text.Custom_Api_Dhcpc_Success_Callback_Event
                0x100013c4       0x34 ./wifi_qca/custom_src/stack_custom/cust_api_stack_offload.o
                0x100013c4                Custom_Api_Dhcpc_Success_Callback_Event
 .text.Custom_Api_Http_Post_Event
                0x100013f8       0x40 ./wifi_qca/custom_src/stack_custom/cust_api_stack_offload.o
                0x100013f8                Custom_Api_Http_Post_Event
 .text.Custom_Api_Ota_Resp_Result
                0x10001438       0x42 ./wifi_qca/custom_src/stack_custom/cust_api_stack_offload.o
                0x10001438                Custom_Api_Ota_Resp_Result
 *fill*         0x1000147a        0x2 ff
 .text.t_send   0x1000147c       0x70 ./wifi_qca/custom_src/stack_custom/cust_api_stack_offload.o
                0x1000147c                t_send
 .text.t_sendto
                0x100014ec      0x2c0 ./wifi_qca/custom_src/stack_custom/cust_api_stack_offload.o
                0x100014ec                t_sendto
 .text.t_recvfrom
                0x100017ac       0x56 ./wifi_qca/custom_src/stack_custom/cust_api_stack_offload.o
                0x100017ac                t_recvfrom
 .text.t_recv   0x10001802       0x2e ./wifi_qca/custom_src/stack_custom/cust_api_stack_offload.o
                0x10001802                t_recv
 .text.zero_copy_free
                0x10001830       0x2c ./wifi_qca/custom_src/stack_custom/cust_api_stack_offload.o
                0x10001830                zero_copy_free
 .text.Api_recvfrom
                0x1000185c      0x2c4 ./wifi_qca/custom_src/stack_custom/cust_api_stack_offload.o
                0x1000185c                Api_recvfrom
 .text.txpkt_free
                0x10001b20       0x2e ./wifi_qca/custom_src/stack_custom/cust_api_stack_offload.o
                0x10001b20                txpkt_free
 .text.custom_alloc
                0x10001b4e       0x6a ./wifi_qca/custom_src/stack_custom/cust_api_stack_offload.o
                0x10001b4e                custom_alloc
 .text.custom_free
                0x10001bb8       0x3c ./wifi_qca/custom_src/stack_custom/cust_api_stack_offload.o
                0x10001bb8                custom_free
 .text.get_total_pkts_buffered
                0x10001bf4       0x3c ./wifi_qca/custom_src/stack_custom/cust_api_stack_offload.o
                0x10001bf4                get_total_pkts_buffered
 .text.Custom_Api_Send
                0x10001c30       0x12 ./wifi_qca/custom_src/stack_custom/cust_api_stack_txrx.o
                0x10001c30                Custom_Api_Send
 .text.custom_sock_is_pending
                0x10001c42       0x32 ./wifi_qca/custom_src/stack_custom/cust_api_stack_txrx.o
                0x10001c42                custom_sock_is_pending
 .text.custom_receive_tcpip
                0x10001c74       0xd0 ./wifi_qca/custom_src/stack_custom/cust_api_stack_txrx.o
                0x10001c74                custom_receive_tcpip
 .text.Custom_DeliverFrameToNetworkStack
                0x10001d44       0x32 ./wifi_qca/custom_src/stack_custom/cust_api_stack_txrx.o
                0x10001d44                Custom_DeliverFrameToNetworkStack
 .text.custom_send_tcpip
                0x10001d76       0x90 ./wifi_qca/custom_src/stack_custom/cust_api_stack_txrx.o
                0x10001d76                custom_send_tcpip
 *fill*         0x10001e06        0x2 ff
 .text.custom_qapi
                0x10001e08      0x414 ./wifi_qca/custom_src/qapi/custom_qcom_api.o
                0x10001e08                custom_qapi
 .text.Custom_FreeRxRequest
                0x1000221c        0xa ./wifi_qca/custom_src/driver/cust_driver_main.o
 *fill*         0x10002226        0x2 ff
 .text.Custom_GetRxRequest
                0x10002228       0x84 ./wifi_qca/custom_src/driver/cust_driver_main.o
                0x10002228                Custom_GetRxRequest
 .text.Custom_Driver_ContextInit
                0x100022ac      0x11c ./wifi_qca/custom_src/driver/cust_driver_main.o
                0x100022ac                Custom_Driver_ContextInit
 .text.a_netbuf_dequeue_adv
                0x100023c8       0x8a ./wifi_qca/custom_src/driver/cust_driver_netbuf.o
                0x100023c8                a_netbuf_dequeue_adv
 *fill*         0x10002452        0x2 ff
 .text.a_netbuf_purge_queue
                0x10002454       0x64 ./wifi_qca/custom_src/driver/cust_driver_netbuf.o
                0x10002454                a_netbuf_purge_queue
 .text.a_netbuf_init
                0x100024b8       0x4c ./wifi_qca/custom_src/driver/cust_driver_netbuf.o
                0x100024b8                a_netbuf_init
 .text.a_netbuf_alloc
                0x10002504       0xac ./wifi_qca/custom_src/driver/cust_driver_netbuf.o
                0x10002504                a_netbuf_alloc
 .text.a_netbuf_reinit
                0x100025b0       0x6c ./wifi_qca/custom_src/driver/cust_driver_netbuf.o
                0x100025b0                a_netbuf_reinit
 .text.a_netbuf_set_rx_pool
                0x1000261c       0x16 ./wifi_qca/custom_src/driver/cust_driver_netbuf.o
                0x1000261c                a_netbuf_set_rx_pool
 .text.a_netbuf_alloc_raw
                0x10002632       0x98 ./wifi_qca/custom_src/driver/cust_driver_netbuf.o
                0x10002632                a_netbuf_alloc_raw
 .text.a_netbuf_free
                0x100026ca       0x60 ./wifi_qca/custom_src/driver/cust_driver_netbuf.o
                0x100026ca                a_netbuf_free
 .text.a_netbuf_free_rx_pool
                0x1000272a       0x44 ./wifi_qca/custom_src/driver/cust_driver_netbuf.o
                0x1000272a                a_netbuf_free_rx_pool
 .text.a_netbuf_free_tx_pool
                0x1000276e        0xa ./wifi_qca/custom_src/driver/cust_driver_netbuf.o
                0x1000276e                a_netbuf_free_tx_pool
 .text.a_netbuf_to_len
                0x10002778       0x9c ./wifi_qca/custom_src/driver/cust_driver_netbuf.o
                0x10002778                a_netbuf_to_len
 .text.a_netbuf_get_fragment
                0x10002814       0xa2 ./wifi_qca/custom_src/driver/cust_driver_netbuf.o
                0x10002814                a_netbuf_get_fragment
 *fill*         0x100028b6        0x2 ff
 .text.a_netbuf_append_fragment
                0x100028b8       0x50 ./wifi_qca/custom_src/driver/cust_driver_netbuf.o
                0x100028b8                a_netbuf_append_fragment
 .text.a_netbuf_enqueue
                0x10002908       0x4c ./wifi_qca/custom_src/driver/cust_driver_netbuf.o
                0x10002908                a_netbuf_enqueue
 .text.a_netbuf_dequeue
                0x10002954       0x64 ./wifi_qca/custom_src/driver/cust_driver_netbuf.o
                0x10002954                a_netbuf_dequeue
 .text.a_netbuf_queue_init
                0x100029b8       0x1e ./wifi_qca/custom_src/driver/cust_driver_netbuf.o
                0x100029b8                a_netbuf_queue_init
 .text.a_netbuf_configure
                0x100029d6       0x66 ./wifi_qca/custom_src/driver/cust_driver_netbuf.o
                0x100029d6                a_netbuf_configure
 .text.a_netbuf_to_data
                0x10002a3c        0xe ./wifi_qca/custom_src/driver/cust_driver_netbuf.o
                0x10002a3c                a_netbuf_to_data
 *fill*         0x10002a4a        0x2 ff
 .text.a_netbuf_push
                0x10002a4c       0x44 ./wifi_qca/custom_src/driver/cust_driver_netbuf.o
                0x10002a4c                a_netbuf_push
 .text.a_netbuf_put
                0x10002a90       0x44 ./wifi_qca/custom_src/driver/cust_driver_netbuf.o
                0x10002a90                a_netbuf_put
 .text.a_netbuf_put_data
                0x10002ad4       0x32 ./wifi_qca/custom_src/driver/cust_driver_netbuf.o
                0x10002ad4                a_netbuf_put_data
 .text.a_netbuf_headroom
                0x10002b06       0x1a ./wifi_qca/custom_src/driver/cust_driver_netbuf.o
                0x10002b06                a_netbuf_headroom
 .text.a_netbuf_tailroom
                0x10002b20       0x1a ./wifi_qca/custom_src/driver/cust_driver_netbuf.o
                0x10002b20                a_netbuf_tailroom
 *fill*         0x10002b3a        0x2 ff
 .text.a_netbuf_pull
                0x10002b3c       0x44 ./wifi_qca/custom_src/driver/cust_driver_netbuf.o
                0x10002b3c                a_netbuf_pull
 .text.a_netbuf_trim
                0x10002b80       0x44 ./wifi_qca/custom_src/driver/cust_driver_netbuf.o
                0x10002b80                a_netbuf_trim
 .text.Custom_Api_Readmii
                0x10002bc4       0x18 ./wifi_qca/custom_src/api_interface/cust_api_init.o
 .text.Custom_Api_Writemii
                0x10002bdc       0x18 ./wifi_qca/custom_src/api_interface/cust_api_init.o
 .text.Custom_Api_Join
                0x10002bf4       0x14 ./wifi_qca/custom_src/api_interface/cust_api_init.o
 .text.Custom_Api_Rejoin
                0x10002c08       0x10 ./wifi_qca/custom_src/api_interface/cust_api_init.o
 .text.chip_state_ctrl
                0x10002c18       0x3e ./wifi_qca/custom_src/api_interface/cust_api_init.o
                0x10002c18                chip_state_ctrl
 *fill*         0x10002c56        0x2 ff
 .text.Custom_Api_Initialize
                0x10002c58      0x180 ./wifi_qca/custom_src/api_interface/cust_api_init.o
 .text.Custom_Api_Shutdown
                0x10002dd8       0x1c ./wifi_qca/custom_src/api_interface/cust_api_init.o
 .text.Custom_Api_GetDriverCxt
                0x10002df4       0x1c ./wifi_qca/custom_src/api_interface/cust_api_init.o
                0x10002df4                Custom_Api_GetDriverCxt
 .text.config_dump_target_assert_info
                0x10002e10       0x5a ./wifi_qca/custom_src/api_interface/cust_api_ioctl.o
 *fill*         0x10002e6a        0x2 ff
 .text.ath_ioctl_handler
                0x10002e6c     0x1fa0 ./wifi_qca/custom_src/api_interface/cust_api_ioctl.o
                0x10002e6c                ath_ioctl_handler
 .text.Custom_Api_Mediactl
                0x10004e0c      0x880 ./wifi_qca/custom_src/api_interface/cust_api_ioctl.o
                0x10004e0c                Custom_Api_Mediactl
 .text.fill_scan_info
                0x1000568c      0x1f6 ./wifi_qca/custom_src/api_interface/cust_api_wmi_rx.o
 .text.fill_ext_scan_info
                0x10005882      0x200 ./wifi_qca/custom_src/api_interface/cust_api_wmi_rx.o
 .text.Custom_Api_BssInfoEvent
                0x10005a82      0x25e ./wifi_qca/custom_src/api_interface/cust_api_wmi_rx.o
                0x10005a82                Custom_Api_BssInfoEvent
 .text.Custom_Api_ConnectEvent
                0x10005ce0       0x88 ./wifi_qca/custom_src/api_interface/cust_api_wmi_rx.o
                0x10005ce0                Custom_Api_ConnectEvent
 .text.Custom_Api_DisconnectEvent
                0x10005d68       0xc8 ./wifi_qca/custom_src/api_interface/cust_api_wmi_rx.o
                0x10005d68                Custom_Api_DisconnectEvent
 .text.Custom_Api_ReadyEvent
                0x10005e30       0x32 ./wifi_qca/custom_src/api_interface/cust_api_wmi_rx.o
                0x10005e30                Custom_Api_ReadyEvent
 *fill*         0x10005e62        0x2 ff
 .text.Custom_Api_GpioDataEvent
                0x10005e64       0x2c ./wifi_qca/custom_src/api_interface/cust_api_wmi_rx.o
                0x10005e64                Custom_Api_GpioDataEvent
 .text.Custom_Api_PfmDataEvent
                0x10005e90       0x2c ./wifi_qca/custom_src/api_interface/cust_api_wmi_rx.o
                0x10005e90                Custom_Api_PfmDataEvent
 .text.Custom_Api_PfmDataDoneEvent
                0x10005ebc       0x2c ./wifi_qca/custom_src/api_interface/cust_api_wmi_rx.o
                0x10005ebc                Custom_Api_PfmDataDoneEvent
 .text.Custom_Api_RSNASuccessEvent
                0x10005ee8       0x54 ./wifi_qca/custom_src/api_interface/cust_api_wmi_rx.o
                0x10005ee8                Custom_Api_RSNASuccessEvent
 .text.Custom_Api_BitRateEvent_tx
                0x10005f3c       0x60 ./wifi_qca/custom_src/api_interface/cust_api_wmi_rx.o
                0x10005f3c                Custom_Api_BitRateEvent_tx
 .text.Custom_Api_ProbeReq_Event
                0x10005f9c       0x58 ./wifi_qca/custom_src/api_interface/cust_api_wmi_rx.o
                0x10005f9c                Custom_Api_ProbeReq_Event
 .text.wmi_init
                0x10005ff4       0x44 ./wifi_qca/common_src/wmi/wmi.o
                0x10005ff4                wmi_init
 .text.wmi_qos_state_init
                0x10006038       0x5e ./wifi_qca/common_src/wmi/wmi.o
                0x10006038                wmi_qos_state_init
 *fill*         0x10006096        0x2 ff
 .text.wmi_set_control_ep
                0x10006098       0x34 ./wifi_qca/common_src/wmi/wmi.o
                0x10006098                wmi_set_control_ep
 .text.wmi_shutdown
                0x100060cc       0x36 ./wifi_qca/common_src/wmi/wmi.o
                0x100060cc                wmi_shutdown
 *fill*         0x10006102        0x2 ff
 .text.wmi_meta_add
                0x10006104       0xe0 ./wifi_qca/common_src/wmi/wmi.o
                0x10006104                wmi_meta_add
 .text.wmi_data_hdr_add
                0x100061e4       0xec ./wifi_qca/common_src/wmi/wmi.o
                0x100061e4                wmi_data_hdr_add
 .text.wmi_determine_userPriority
                0x100062d0       0x44 ./wifi_qca/common_src/wmi/wmi.o
 .text.wmi_implicit_create_pstream
                0x10006314       0xe8 ./wifi_qca/common_src/wmi/wmi.o
                0x10006314                wmi_implicit_create_pstream
 .text.wmi_data_hdr_remove
                0x100063fc       0x2c ./wifi_qca/common_src/wmi/wmi.o
                0x100063fc                wmi_data_hdr_remove
 .text.wmi_test_ev_length
                0x10006428       0x80 ./wifi_qca/common_src/wmi/wmi.o
 .text.wmi_control_rx_xtnd
                0x100064a8      0x118 ./wifi_qca/common_src/wmi/wmi.o
                0x100064a8                wmi_control_rx_xtnd
 .text.wmi_control_rx
                0x100065c0      0x7f0 ./wifi_qca/common_src/wmi/wmi.o
                0x100065c0                wmi_control_rx
 .text.wmi_errorEvent_rx
                0x10006db0       0x48 ./wifi_qca/common_src/wmi/wmi.o
 .text.wmi_cmd_send
                0x10006df8       0xbc ./wifi_qca/common_src/wmi/wmi.o
                0x10006df8                wmi_cmd_send
 .text.wmi_ap_set_param
                0x10006eb4      0x104 ./wifi_qca/common_src/wmi/wmi.o
                0x10006eb4                wmi_ap_set_param
 .text.wmi_storerecall_recall_cmd
                0x10006fb8       0x5e ./wifi_qca/common_src/wmi/wmi.o
                0x10006fb8                wmi_storerecall_recall_cmd
 .text.wmi_bssfilter_cmd
                0x10007016       0x38 ./wifi_qca/common_src/wmi/wmi.o
                0x10007016                wmi_bssfilter_cmd
 *fill*         0x1000704e        0x2 ff
 .text.wmi_socket_cmd
                0x10007050       0x50 ./wifi_qca/common_src/wmi/wmi.o
                0x10007050                wmi_socket_cmd
 .text.wmi_test_event_rx
                0x100070a0       0x2a ./wifi_qca/common_src/wmi/wmi.o
 *fill*         0x100070ca        0x2 ff
 .text.wmi_p2p_goneg_result_event_rx
                0x100070cc       0x3c ./wifi_qca/common_src/wmi/wmi.o
 .text.wmi_p2p_list_peristent_network
                0x10007108       0x32 ./wifi_qca/common_src/wmi/wmi.o
 .text.wmi_p2p_req_auth_event_rx
                0x1000713a       0x2a ./wifi_qca/common_src/wmi/wmi.o
 .text.wmi_p2p_node_list_event_rx
                0x10007164       0x2a ./wifi_qca/common_src/wmi/wmi.o
 .text.wmi_p2p_prov_disc_resp_rx
                0x1000718e       0x32 ./wifi_qca/common_src/wmi/wmi.o
 .text.wmi_p2p_prov_disc_req_rx
                0x100071c0       0x32 ./wifi_qca/common_src/wmi/wmi.o
 .text.wmi_p2p_sdpd_event_rx
                0x100071f2       0x32 ./wifi_qca/common_src/wmi/wmi.o
 .text.wmi_p2p_invite_req_rx
                0x10007224       0x32 ./wifi_qca/common_src/wmi/wmi.o
 .text.wmi_p2p_invite_rcvd_result_rx
                0x10007256       0x32 ./wifi_qca/common_src/wmi/wmi.o
 .text.wmi_p2p_invite_sent_result_rx
                0x10007288       0x32 ./wifi_qca/common_src/wmi/wmi.o
 .text.wmi_sdpd_send_cmd
                0x100072ba       0xb0 ./wifi_qca/common_src/wmi/wmi.o
                0x100072ba                wmi_sdpd_send_cmd
 .text.wmi_p2p_set_oppps
                0x1000736a       0x52 ./wifi_qca/common_src/wmi/wmi.o
                0x1000736a                wmi_p2p_set_oppps
 .text.wmi_p2p_set_noa
                0x100073bc       0xd0 ./wifi_qca/common_src/wmi/wmi.o
                0x100073bc                wmi_p2p_set_noa
 .text.wmi_cmd_start
                0x1000748c       0x7e ./wifi_qca/common_src/wmi/wmi.o
                0x1000748c                wmi_cmd_start
 .text.wmi_dset_host_cfg_cmd
                0x1000750a       0x7e ./wifi_qca/common_src/wmi/wmi.o
                0x1000750a                wmi_dset_host_cfg_cmd
 .text.wmi_set_appie_cmd
                0x10007588       0x8c ./wifi_qca/common_src/wmi/wmi.o
                0x10007588                wmi_set_appie_cmd
 .text.Util_GetEndpoint
                0x10007614       0x2e ./wifi_qca/common_src/util/util.o
                0x10007614                Util_GetEndpoint
 *fill*         0x10007642        0x2 ff
 .text.Util_Freq2ieee
                0x10007644       0x80 ./wifi_qca/common_src/util/util.o
                0x10007644                Util_Freq2ieee
 .text.Util_AC2EndpointID
                0x100076c4       0x22 ./wifi_qca/common_src/util/util.o
                0x100076c4                Util_AC2EndpointID
 *fill*         0x100076e6        0x2 ff
 .text.dset_find
                0x100076e8       0x44 ./wifi_qca/common_src/storerecall/dset.o
                0x100076e8                dset_find
 .text.dset_insert
                0x1000772c       0x64 ./wifi_qca/common_src/storerecall/dset.o
                0x1000772c                dset_insert
 .text.dset_get
                0x10007790       0x74 ./wifi_qca/common_src/storerecall/dset.o
                0x10007790                dset_get
 .text.dset_write
                0x10007804       0x46 ./wifi_qca/common_src/storerecall/dset.o
                0x10007804                dset_write
 .text.dset_read
                0x1000784a       0x46 ./wifi_qca/common_src/storerecall/dset.o
                0x1000784a                dset_read
 .text.dset_fill
                0x10007890       0x74 ./wifi_qca/common_src/storerecall/dset.o
                0x10007890                dset_fill
 .text.dset_get_first
                0x10007904       0x50 ./wifi_qca/common_src/storerecall/dset.o
                0x10007904                dset_get_first
 .text.dset_get_next
                0x10007954       0x60 ./wifi_qca/common_src/storerecall/dset.o
                0x10007954                dset_get_next
 .text.Strrcl_ChipUpFinish
                0x100079b4       0xd4 ./wifi_qca/common_src/storerecall/storerecall.o
 .text.Strrcl_ChipUpStart
                0x10007a88       0x84 ./wifi_qca/common_src/storerecall/storerecall.o
 .text.Strrcl_ChipDown
                0x10007b0c       0x28 ./wifi_qca/common_src/storerecall/storerecall.o
 .text.Strrcl_Recall
                0x10007b34       0x64 ./wifi_qca/common_src/storerecall/storerecall.o
                0x10007b34                Strrcl_Recall
 .text.dset_find_handle
                0x10007b98       0x3c ./wifi_qca/common_src/stack_common/dset_api.o
                0x10007b98                dset_find_handle
 .text.aggr_deinit
                0x10007bd4        0xa ./wifi_qca/common_src/reorder/rcv_aggr.o
                0x10007bd4                aggr_deinit
 *fill*         0x10007bde        0x2 ff
 .text.aggr_init
                0x10007be0       0x14 ./wifi_qca/common_src/reorder/rcv_aggr.o
                0x10007be0                aggr_init
 .text.aggr_recv_addba_req_evt
                0x10007bf4       0x7c ./wifi_qca/common_src/reorder/rcv_aggr.o
                0x10007bf4                aggr_recv_addba_req_evt
 .text.aggr_recv_delba_req_evt
                0x10007c70       0x5c ./wifi_qca/common_src/reorder/rcv_aggr.o
                0x10007c70                aggr_recv_delba_req_evt
 .text.aggr_reset_state
                0x10007ccc       0x28 ./wifi_qca/common_src/reorder/rcv_aggr.o
                0x10007ccc                aggr_reset_state
 .text.SOCK_EV_MASK_SET
                0x10007cf4       0x32 ./wifi_qca/common_src/qapi/api_stack_offload.o
 .text.SOCK_EV_MASK_CLEAR
                0x10007d26       0x34 ./wifi_qca/common_src/qapi/api_stack_offload.o
 .text.SOCK_EV_MASK_TEST
                0x10007d5a       0x34 ./wifi_qca/common_src/qapi/api_stack_offload.o
 *fill*         0x10007d8e        0x2 ff
 .text.queue_empty
                0x10007d90       0x28 ./wifi_qca/common_src/qapi/api_stack_offload.o
                0x10007d90                queue_empty
 .text.find_socket_context_from_ssl
                0x10007db8       0x3c ./wifi_qca/common_src/qapi/api_stack_offload.o
                0x10007db8                find_socket_context_from_ssl
 .text.find_socket_context
                0x10007df4       0x58 ./wifi_qca/common_src/qapi/api_stack_offload.o
                0x10007df4                find_socket_context
 .text.socket_context_init
                0x10007e4c       0xec ./wifi_qca/common_src/qapi/api_stack_offload.o
                0x10007e4c                socket_context_init
 .text.Api_SockResponseEventRx
                0x10007f38      0xba0 ./wifi_qca/common_src/qapi/api_stack_offload.o
                0x10007f38                Api_SockResponseEventRx
 .text.Api_socket
                0x10008ad8      0x134 ./wifi_qca/common_src/qapi/api_stack_offload.o
                0x10008ad8                Api_socket
 .text.Api_shutdown
                0x10008c0c       0xb0 ./wifi_qca/common_src/qapi/api_stack_offload.o
                0x10008c0c                Api_shutdown
 .text.Api_connect
                0x10008cbc      0x150 ./wifi_qca/common_src/qapi/api_stack_offload.o
                0x10008cbc                Api_connect
 .text.Api_select
                0x10008e0c      0x1b0 ./wifi_qca/common_src/qapi/api_stack_offload.o
                0x10008e0c                Api_select
 .text.Api_setsockopt
                0x10008fbc      0x15c ./wifi_qca/common_src/qapi/api_stack_offload.o
                0x10008fbc                Api_setsockopt
 .text.Api_ipconfig
                0x10009118      0x1dc ./wifi_qca/common_src/qapi/api_stack_offload.o
                0x10009118                Api_ipconfig
 .text.clear_socket_context
                0x100092f4       0xc0 ./wifi_qca/common_src/qapi/api_stack_offload.o
                0x100092f4                clear_socket_context
 .text.send_stack_init
                0x100093b4       0x54 ./wifi_qca/common_src/qapi/api_stack_offload.o
                0x100093b4                send_stack_init
 .text.move_power_state_to_maxperf
                0x10009408       0x58 ./wifi_qca/common_src/qapi/api_stack_offload.o
                0x10009408                move_power_state_to_maxperf
 .text.restore_power_state
                0x10009460       0x68 ./wifi_qca/common_src/qapi/api_stack_offload.o
                0x10009460                restore_power_state
 .text.blockForDataRx
                0x100094c8       0x32 ./wifi_qca/common_src/qapi/api_stack_offload.o
                0x100094c8                blockForDataRx
 *fill*         0x100094fa        0x2 ff
 .text.blockForResponse
                0x100094fc      0x120 ./wifi_qca/common_src/qapi/api_stack_offload.o
                0x100094fc                blockForResponse
 .text.isSocketBlocked
                0x1000961c       0x14 ./wifi_qca/common_src/qapi/api_stack_offload.o
                0x1000961c                isSocketBlocked
 .text.unblock  0x10009630       0x68 ./wifi_qca/common_src/qapi/api_stack_offload.o
                0x10009630                unblock
 .text.unblockSelect
                0x10009698       0x24 ./wifi_qca/common_src/qapi/api_stack_offload.o
                0x10009698                unblockSelect
 .text.qcom_set_deviceid
                0x100096bc       0x36 ./wifi_qca/common_src/qapi/qcom_api.o
                0x100096bc                qcom_set_deviceid
 .text.qcom_socket
                0x100096f2       0x24 ./wifi_qca/common_src/qapi/qcom_api.o
                0x100096f2                qcom_socket
 .text.qcom_connect
                0x10009716       0x26 ./wifi_qca/common_src/qapi/qcom_api.o
                0x10009716                qcom_connect
 .text.qcom_setsockopt
                0x1000973c       0x32 ./wifi_qca/common_src/qapi/qcom_api.o
                0x1000973c                qcom_setsockopt
 .text.qcom_recv
                0x1000976e       0x2c ./wifi_qca/common_src/qapi/qcom_api.o
                0x1000976e                qcom_recv
 .text.qcom_recvfrom
                0x1000979a       0x36 ./wifi_qca/common_src/qapi/qcom_api.o
                0x1000979a                qcom_recvfrom
 .text.qcom_dns_server_address_get
                0x100097d0       0xee ./wifi_qca/common_src/qapi/qcom_api.o
                0x100097d0                qcom_dns_server_address_get
 .text.qcom_sendto
                0x100098be       0x36 ./wifi_qca/common_src/qapi/qcom_api.o
                0x100098be                qcom_sendto
 .text.qcom_send
                0x100098f4       0x2c ./wifi_qca/common_src/qapi/qcom_api.o
                0x100098f4                qcom_send
 .text.qcom_socket_close
                0x10009920       0x22 ./wifi_qca/common_src/qapi/qcom_api.o
                0x10009920                qcom_socket_close
 .text.qcom_ipconfig
                0x10009942       0x58 ./wifi_qca/common_src/qapi/qcom_api.o
                0x10009942                qcom_ipconfig
 .text.qcom_set_ssid
                0x1000999a       0x62 ./wifi_qca/common_src/qapi/qcom_api.o
                0x1000999a                qcom_set_ssid
 .text.qcom_get_ssid
                0x100099fc       0x7e ./wifi_qca/common_src/qapi/qcom_api.o
                0x100099fc                qcom_get_ssid
 .text.qcom_set_connect_callback
                0x10009a7a       0x60 ./wifi_qca/common_src/qapi/qcom_api.o
                0x10009a7a                qcom_set_connect_callback
 .text.qcom_get_concurrent_channel
                0x10009ada       0x64 ./wifi_qca/common_src/qapi/qcom_api.o
 .text.qcom_get_channelhint
                0x10009b3e       0x64 ./wifi_qca/common_src/qapi/qcom_api.o
 .text.qcom_commit
                0x10009ba2      0x106 ./wifi_qca/common_src/qapi/qcom_api.o
                0x10009ba2                qcom_commit
 .text.qcom_op_set_mode
                0x10009ca8       0x58 ./wifi_qca/common_src/qapi/qcom_api.o
                0x10009ca8                qcom_op_set_mode
 .text.qcom_set_channel
                0x10009d00       0xb8 ./wifi_qca/common_src/qapi/qcom_api.o
                0x10009d00                qcom_set_channel
 .text.qcom_sec_set_auth_mode
                0x10009db8       0x5a ./wifi_qca/common_src/qapi/qcom_api.o
                0x10009db8                qcom_sec_set_auth_mode
 .text.qcom_sec_set_encrypt_mode
                0x10009e12       0x86 ./wifi_qca/common_src/qapi/qcom_api.o
                0x10009e12                qcom_sec_set_encrypt_mode
 .text.qcom_sec_set_passphrase
                0x10009e98       0x80 ./wifi_qca/common_src/qapi/qcom_api.o
                0x10009e98                qcom_sec_set_passphrase
 .text.qcom_power_set_mode
                0x10009f18       0x72 ./wifi_qca/common_src/qapi/qcom_api.o
                0x10009f18                qcom_power_set_mode
 .text.qcom_p2p_func_cancel
                0x10009f8a       0x5e ./wifi_qca/common_src/qapi/qcom_api.o
                0x10009f8a                qcom_p2p_func_cancel
 .text.wifi_dns_assemble_request
                0x10009fe8       0xd0 ./wifi_qca/common_src/qapi/qcom_dns.o
 .text.qcom_dns_resolver
                0x1000a0b8      0x208 ./wifi_qca/common_src/qapi/qcom_dns.o
                0x1000a0b8                qcom_dns_resolver
 .text.HW_ProcessPendingInterrupts
                0x1000a2c0       0xd0 ./wifi_qca/common_src/hw_interface/hw_api.o
                0x1000a2c0                HW_ProcessPendingInterrupts
 .text.HW_PowerUpDown
                0x1000a390       0x58 ./wifi_qca/common_src/hw_interface/hw_api.o
                0x1000a390                HW_PowerUpDown
 .text.HW_InterruptHandler
                0x1000a3e8       0x2e ./wifi_qca/common_src/hw_interface/hw_api.o
                0x1000a3e8                HW_InterruptHandler
 .text.HW_SetClock
                0x1000a416        0xc ./wifi_qca/common_src/hw_interface/hw_api.o
                0x1000a416                HW_SetClock
 *fill*         0x1000a422        0x2 ff
 .text.HW_GetMboxAddress
                0x1000a424       0x44 ./wifi_qca/common_src/hw_interface/hw_api.o
                0x1000a424                HW_GetMboxAddress
 .text.Htc_PrepareRecvPacket
                0x1000a468       0x7c ./wifi_qca/common_src/htc/htc.o
                0x1000a468                Htc_PrepareRecvPacket
 .text.Htc_RxComplete
                0x1000a4e4       0x2c ./wifi_qca/common_src/htc/htc.o
                0x1000a4e4                Htc_RxComplete
 .text.Htc_ReadCreditCounter
                0x1000a510       0x68 ./wifi_qca/common_src/htc/htc.o
                0x1000a510                Htc_ReadCreditCounter
 .text.Htc_GetCreditCounterUpdate
                0x1000a578       0xc4 ./wifi_qca/common_src/htc/htc.o
                0x1000a578                Htc_GetCreditCounterUpdate
 .text.Htc_DistributeCredits
                0x1000a63c       0xa4 ./wifi_qca/common_src/htc/htc.o
 .text.Htc_ProcessCreditRpt
                0x1000a6e0       0xe0 ./wifi_qca/common_src/htc/htc.o
 .text.HTC_ProcessCpuInterrupt
                0x1000a7c0       0x94 ./wifi_qca/common_src/htc/htc.o
                0x1000a7c0                HTC_ProcessCpuInterrupt
 .text.Htc_ProcessTrailer
                0x1000a854      0x124 ./wifi_qca/common_src/htc/htc.o
 .text.Htc_SendPacket
                0x1000a978      0x118 ./wifi_qca/common_src/htc/htc.o
                0x1000a978                Htc_SendPacket
 .text.Htc_ProcessTxComplete
                0x1000aa90       0x1a ./wifi_qca/common_src/htc/htc.o
                0x1000aa90                Htc_ProcessTxComplete
 *fill*         0x1000aaaa        0x2 ff
 .text.Htc_ProcessRecvHeader
                0x1000aaac      0x178 ./wifi_qca/common_src/htc/htc.o
                0x1000aaac                Htc_ProcessRecvHeader
 .text.HTC_WaitTarget
                0x1000ac24       0x84 ./wifi_qca/common_src/htc/htc.o
                0x1000ac24                HTC_WaitTarget
 .text.HTC_ConnectService
                0x1000aca8      0x12c ./wifi_qca/common_src/htc/htc.o
                0x1000aca8                HTC_ConnectService
 .text.HTC_Start
                0x1000add4       0x58 ./wifi_qca/common_src/htc/htc.o
                0x1000add4                HTC_Start
 .text.DoPioWriteInternal
                0x1000ae2c       0x72 ./wifi_qca/common_src/htc/spi_hcd.o
 .text.DoPioReadInternal
                0x1000ae9e       0x7a ./wifi_qca/common_src/htc/spi_hcd.o
 .text.EnableDisableSPIIRQHwDetect
                0x1000af18       0x7c ./wifi_qca/common_src/htc/spi_hcd.o
 .text.MaskSPIInterrupts
                0x1000af94       0x68 ./wifi_qca/common_src/htc/spi_hcd.o
 .text.HandleExternalReadDone
                0x1000affc       0x54 ./wifi_qca/common_src/htc/spi_hcd.o
 .text.Hcd_DoPioInternalAccess
                0x1000b050       0x4e ./wifi_qca/common_src/htc/spi_hcd.o
                0x1000b050                Hcd_DoPioInternalAccess
 *fill*         0x1000b09e        0x2 ff
 .text.Hcd_DoPioExternalAccess
                0x1000b0a0      0x188 ./wifi_qca/common_src/htc/spi_hcd.o
                0x1000b0a0                Hcd_DoPioExternalAccess
 .text.ResetWriteBufferWaterMark
                0x1000b228       0x3e ./wifi_qca/common_src/htc/spi_hcd.o
 *fill*         0x1000b266        0x2 ff
 .text.ConfigureByteSwap
                0x1000b268       0xc4 ./wifi_qca/common_src/htc/spi_hcd.o
 .text.DoDMAOp  0x1000b32c      0x130 ./wifi_qca/common_src/htc/spi_hcd.o
 .text.Hcd_ProgramWriteBufferWaterMark
                0x1000b45c      0x13c ./wifi_qca/common_src/htc/spi_hcd.o
                0x1000b45c                Hcd_ProgramWriteBufferWaterMark
 .text.Hcd_RefreshWriteBufferSpace
                0x1000b598       0x2c ./wifi_qca/common_src/htc/spi_hcd.o
                0x1000b598                Hcd_RefreshWriteBufferSpace
 .text.Hcd_Request
                0x1000b5c4       0xb2 ./wifi_qca/common_src/htc/spi_hcd.o
                0x1000b5c4                Hcd_Request
 .text.Hcd_ReadCPUInterrupt
                0x1000b676       0x5c ./wifi_qca/common_src/htc/spi_hcd.o
                0x1000b676                Hcd_ReadCPUInterrupt
 .text.Hcd_ClearCPUInterrupt
                0x1000b6d2       0x4a ./wifi_qca/common_src/htc/spi_hcd.o
                0x1000b6d2                Hcd_ClearCPUInterrupt
 .text.Hcd_UnmaskInterrupts
                0x1000b71c       0x60 ./wifi_qca/common_src/htc/spi_hcd.o
                0x1000b71c                Hcd_UnmaskInterrupts
 .text.Hcd_BusInterrupt
                0x1000b77c      0x21c ./wifi_qca/common_src/htc/spi_hcd.o
                0x1000b77c                Hcd_BusInterrupt
 .text.Hcd_ReinitTarget
                0x1000b998       0x64 ./wifi_qca/common_src/htc/spi_hcd.o
                0x1000b998                Hcd_ReinitTarget
 .text.Hcd_Deinitialize
                0x1000b9fc       0x2c ./wifi_qca/common_src/htc/spi_hcd.o
                0x1000b9fc                Hcd_Deinitialize
 .text.Hcd_GetLookAhead
                0x1000ba28      0x120 ./wifi_qca/common_src/htc/spi_hcd.o
                0x1000ba28                Hcd_GetLookAhead
 .text.Hcd_Init
                0x1000bb48      0x260 ./wifi_qca/common_src/htc/spi_hcd.o
                0x1000bb48                Hcd_Init
 .text.Hcd_TransferData
                0x1000bda8       0x1a ./wifi_qca/common_src/htc/spi_hcd.o
 .text.HW_EnableDisableSPIIRQ
                0x1000bdc2       0x70 ./wifi_qca/common_src/htc/spi_hcd.o
                0x1000bdc2                HW_EnableDisableSPIIRQ
 *fill*         0x1000be32        0x2 ff
 .text.Bus_InOutDescriptorSet
                0x1000be34      0x10c ./wifi_qca/common_src/htc/spi_hcd.o
                0x1000be34                Bus_InOutDescriptorSet
 .text.Bus_InOutToken
                0x1000bf40       0x44 ./wifi_qca/common_src/htc/spi_hcd.o
                0x1000bf40                Bus_InOutToken
 .text.HW_EnableDisableIRQ
                0x1000bf84       0x1c ./wifi_qca/common_src/htc/spi_hcd.o
                0x1000bf84                HW_EnableDisableIRQ
 .text.Driver_SetAddressWindowRegister
                0x1000bfa0       0xe6 ./wifi_qca/common_src/driver/driver_diag.o
 .text.Driver_ReadRegDiag
                0x1000c086       0x74 ./wifi_qca/common_src/driver/driver_diag.o
                0x1000c086                Driver_ReadRegDiag
 .text.Driver_WriteRegDiag
                0x1000c0fa       0x74 ./wifi_qca/common_src/driver/driver_diag.o
                0x1000c0fa                Driver_WriteRegDiag
 .text.Driver_ReadDataDiag
                0x1000c16e       0x5a ./wifi_qca/common_src/driver/driver_diag.o
                0x1000c16e                Driver_ReadDataDiag
 .text.Driver_WriteDataDiag
                0x1000c1c8       0x5a ./wifi_qca/common_src/driver/driver_diag.o
                0x1000c1c8                Driver_WriteDataDiag
 *fill*         0x1000c222        0x2 ff
 .text.Driver_DumpAssertInfo
                0x1000c224       0xcc ./wifi_qca/common_src/driver/driver_diag.o
                0x1000c224                Driver_DumpAssertInfo
 .text.ConnectService
                0x1000c2f0      0x104 ./wifi_qca/common_src/driver/driver_init.o
 .text.SetupServices
                0x1000c3f4      0x168 ./wifi_qca/common_src/driver/driver_init.o
 .text.Driver_ContextInit
                0x1000c55c      0x15c ./wifi_qca/common_src/driver/driver_init.o
                0x1000c55c                Driver_ContextInit
 .text.Driver_Init
                0x1000c6b8      0x208 ./wifi_qca/common_src/driver/driver_init.o
                0x1000c6b8                Driver_Init
 .text.Driver_DeInit
                0x1000c8c0       0xa0 ./wifi_qca/common_src/driver/driver_init.o
                0x1000c8c0                Driver_DeInit
 .text.Driver_GetTargetInfo
                0x1000c960       0x68 ./wifi_qca/common_src/driver/driver_init.o
                0x1000c960                Driver_GetTargetInfo
 .text.Driver_TargReset
                0x1000c9c8        0xc ./wifi_qca/common_src/driver/driver_init.o
 .text.Driver_BootComm
                0x1000c9d4      0x114 ./wifi_qca/common_src/driver/driver_init.o
                0x1000c9d4                Driver_BootComm
 .text.Driver_Main
                0x1000cae8      0x1b8 ./wifi_qca/common_src/driver/driver_main.o
                0x1000cae8                Driver_Main
 .text.Driver_ReportRxBuffStatus
                0x1000cca0       0x3e ./wifi_qca/common_src/driver/driver_main.o
                0x1000cca0                Driver_ReportRxBuffStatus
 *fill*         0x1000ccde        0x2 ff
 .text.Driver_CompleteRequest
                0x1000cce0       0x6c ./wifi_qca/common_src/driver/driver_main.o
                0x1000cce0                Driver_CompleteRequest
 .text.Driver_TxReady
                0x1000cd4c      0x188 ./wifi_qca/common_src/driver/driver_main.o
                0x1000cd4c                Driver_TxReady
 .text.Driver_RxReady
                0x1000ced4      0x198 ./wifi_qca/common_src/driver/driver_main.o
                0x1000ced4                Driver_RxReady
 .text.Driver_DropTxDataPackets
                0x1000d06c       0x9c ./wifi_qca/common_src/driver/driver_main.o
                0x1000d06c                Driver_DropTxDataPackets
 .text.Driver_WaitForCondition
                0x1000d108       0x58 ./wifi_qca/common_src/driver/driver_main.o
                0x1000d108                Driver_WaitForCondition
 .text.setup_host_dset
                0x1000d160       0x16 ./wifi_qca/common_src/driver/driver_main.o
                0x1000d160                setup_host_dset
 .text.Atheros_Driver_Task
                0x1000d176       0xa6 ./wifi_qca/common_src/driver/driver_main.o
                0x1000d176                Atheros_Driver_Task
 .text.Driver_CreateThread
                0x1000d21c       0x54 ./wifi_qca/common_src/driver/driver_main.o
                0x1000d21c                Driver_CreateThread
 .text.Driver_DestroyThread
                0x1000d270       0x20 ./wifi_qca/common_src/driver/driver_main.o
                0x1000d270                Driver_DestroyThread
 .text.Driver_WakeDriver
                0x1000d290       0x1a ./wifi_qca/common_src/driver/driver_main.o
                0x1000d290                Driver_WakeDriver
 .text.Driver_WakeUser
                0x1000d2aa       0x1a ./wifi_qca/common_src/driver/driver_main.o
                0x1000d2aa                Driver_WakeUser
 .text.Driver_RxComplete
                0x1000d2c4       0x4c ./wifi_qca/common_src/driver/driver_txrx.o
                0x1000d2c4                Driver_RxComplete
 .text.Driver_TxComplete
                0x1000d310       0x20 ./wifi_qca/common_src/driver/driver_txrx.o
 .text.Driver_PostProcessRequest
                0x1000d330       0x4c ./wifi_qca/common_src/driver/driver_txrx.o
 .text.Driver_SubmitTxRequest
                0x1000d37c       0xd4 ./wifi_qca/common_src/driver/driver_txrx.o
                0x1000d37c                Driver_SubmitTxRequest
 .text.Driver_SendPacket
                0x1000d450       0xb8 ./wifi_qca/common_src/driver/driver_txrx.o
                0x1000d450                Driver_SendPacket
 .text.Driver_RecvPacket
                0x1000d508       0x62 ./wifi_qca/common_src/driver/driver_txrx.o
                0x1000d508                Driver_RecvPacket
 *fill*         0x1000d56a        0x2 ff
 .text.bmiBufferSend
                0x1000d56c      0x118 ./wifi_qca/common_src/bmi/bmi.o
 .text.bmiBufferReceive
                0x1000d684       0xe4 ./wifi_qca/common_src/bmi/bmi.o
 .text.BMIInit  0x1000d768       0x74 ./wifi_qca/common_src/bmi/bmi.o
                0x1000d768                BMIInit
 .text.BMIDone  0x1000d7dc       0x88 ./wifi_qca/common_src/bmi/bmi.o
                0x1000d7dc                BMIDone
 .text.BMIGetTargetInfo
                0x1000d864       0xd0 ./wifi_qca/common_src/bmi/bmi.o
                0x1000d864                BMIGetTargetInfo
 .text.BMIWriteMemory
                0x1000d934      0x128 ./wifi_qca/common_src/bmi/bmi.o
                0x1000d934                BMIWriteMemory
 .text.BMIExecute
                0x1000da5c       0xc4 ./wifi_qca/common_src/bmi/bmi.o
                0x1000da5c                BMIExecute
 .text.Api_BootProfile
                0x1000db20       0x2c ./wifi_qca/common_src/api_interface/api_init.o
                0x1000db20                Api_BootProfile
 .text.Api_InitStart
                0x1000db4c       0x40 ./wifi_qca/common_src/api_interface/api_init.o
                0x1000db4c                Api_InitStart
 .text.Api_InitFinish
                0x1000db8c       0x80 ./wifi_qca/common_src/api_interface/api_init.o
                0x1000db8c                Api_InitFinish
 .text.wmi_cmd_process
                0x1000dc0c       0x88 ./wifi_qca/common_src/api_interface/api_init.o
 .text.Api_WMIInitFinish
                0x1000dc94       0xcc ./wifi_qca/common_src/api_interface/api_init.o
                0x1000dc94                Api_WMIInitFinish
 .text.Program_CountryCode
                0x1000dd60      0x1e8 ./wifi_qca/common_src/api_interface/api_ioctl.o
                0x1000dd60                Program_CountryCode
 .text.Api_ProgramCountryCode
                0x1000df48      0x114 ./wifi_qca/common_src/api_interface/api_ioctl.o
                0x1000df48                Api_ProgramCountryCode
 .text.program_mac_addr
                0x1000e05c      0x288 ./wifi_qca/common_src/api_interface/api_ioctl.o
 .text.Install_static_wep_keys
                0x1000e2e4      0x120 ./wifi_qca/common_src/api_interface/api_ioctl.o
 .text.Api_DisconnectWiFi
                0x1000e404      0x188 ./wifi_qca/common_src/api_interface/api_ioctl.o
                0x1000e404                Api_DisconnectWiFi
 .text.Api_ConnectWiFi
                0x1000e58c      0x442 ./wifi_qca/common_src/api_interface/api_ioctl.o
                0x1000e58c                Api_ConnectWiFi
 *fill*         0x1000e9ce        0x2 ff
 .text.wpa_auth_parse
                0x1000e9d0       0x60 ./wifi_qca/common_src/api_interface/api_ioctl.o
 .text.wpa_cipher_parse
                0x1000ea30       0xa0 ./wifi_qca/common_src/api_interface/api_ioctl.o
 .text.rsn_cipher_parse
                0x1000ead0       0xa0 ./wifi_qca/common_src/api_interface/api_ioctl.o
 .text.rsn_auth_parse
                0x1000eb70       0x60 ./wifi_qca/common_src/api_interface/api_ioctl.o
 .text.security_ie_parse
                0x1000ebd0      0x1c6 ./wifi_qca/common_src/api_interface/api_ioctl.o
 *fill*         0x1000ed96        0x2 ff
 .text.Api_ParseInfoElem
                0x1000ed98      0x240 ./wifi_qca/common_src/api_interface/api_ioctl.o
                0x1000ed98                Api_ParseInfoElem
 .text.Api_DriverAccessCheck
                0x1000efd8       0xb4 ./wifi_qca/common_src/api_interface/api_ioctl.o
                0x1000efd8                Api_DriverAccessCheck
 .text.Api_ProgramMacAddress
                0x1000f08c      0x148 ./wifi_qca/common_src/api_interface/api_ioctl.o
                0x1000f08c                Api_ProgramMacAddress
 .text.Api_SetPowerMode
                0x1000f1d4       0xb6 ./wifi_qca/common_src/api_interface/api_ioctl.o
                0x1000f1d4                Api_SetPowerMode
 .text.wait_scan_done
                0x1000f28a       0x56 ./wifi_qca/common_src/api_interface/api_ioctl.o
                0x1000f28a                wait_scan_done
 .text.scan_setup
                0x1000f2e0      0x1ac ./wifi_qca/common_src/api_interface/api_ioctl.o
                0x1000f2e0                scan_setup
 .text.Util_Ascii2Hex
                0x1000f48c       0x5e ./wifi_qca/common_src/api_interface/api_ioctl.o
                0x1000f48c                Util_Ascii2Hex
 .text.TxRawPacket
                0x1000f4ea       0xb6 ./wifi_qca/common_src/api_interface/api_ioctl.o
                0x1000f4ea                TxRawPacket
 .text.query_credit_deficit
                0x1000f5a0       0x52 ./wifi_qca/common_src/api_interface/api_txrx.o
 *fill*         0x1000f5f2        0x2 ff
 .text.Api_TxGetStatus
                0x1000f5f4       0x84 ./wifi_qca/common_src/api_interface/api_txrx.o
                0x1000f5f4                Api_TxGetStatus
 .text.Api_TxComplete
                0x1000f678       0x3c ./wifi_qca/common_src/api_interface/api_txrx.o
                0x1000f678                Api_TxComplete
 .text.Api_RxComplete
                0x1000f6b4      0x218 ./wifi_qca/common_src/api_interface/api_txrx.o
                0x1000f6b4                Api_RxComplete
 .text.Api_WmiTxStart
                0x1000f8cc       0x42 ./wifi_qca/common_src/api_interface/api_txrx.o
                0x1000f8cc                Api_WmiTxStart
 .text.Api_DataTxStart
                0x1000f90e      0x138 ./wifi_qca/common_src/api_interface/api_txrx.o
                0x1000f90e                Api_DataTxStart
 .text.Api_TargetStatsEvent
                0x1000fa46       0x44 ./wifi_qca/common_src/api_interface/api_wmi_rx.o
                0x1000fa46                Api_TargetStatsEvent
 .text.Api_RegDomainEvent
                0x1000fa8a       0x1c ./wifi_qca/common_src/api_interface/api_wmi_rx.o
                0x1000fa8a                Api_RegDomainEvent
 .text.Api_GetBitRateEvent
                0x1000faa6       0x28 ./wifi_qca/common_src/api_interface/api_wmi_rx.o
                0x1000faa6                Api_GetBitRateEvent
 .text.Api_ChannelListEvent
                0x1000face       0x86 ./wifi_qca/common_src/api_interface/api_wmi_rx.o
                0x1000face                Api_ChannelListEvent
 .text.Api_ScanCompleteEvent
                0x1000fb54       0x46 ./wifi_qca/common_src/api_interface/api_wmi_rx.o
                0x1000fb54                Api_ScanCompleteEvent
 .text.Api_BssInfoEvent
                0x1000fb9a       0x22 ./wifi_qca/common_src/api_interface/api_wmi_rx.o
                0x1000fb9a                Api_BssInfoEvent
 .text.Api_TkipMicErrorEvent
                0x1000fbbc       0x4e ./wifi_qca/common_src/api_interface/api_wmi_rx.o
                0x1000fbbc                Api_TkipMicErrorEvent
 .text.Api_GetPmkEvent
                0x1000fc0a       0x5a ./wifi_qca/common_src/api_interface/api_wmi_rx.o
                0x1000fc0a                Api_GetPmkEvent
 .text.Api_ConnectEvent
                0x1000fc64      0x21c ./wifi_qca/common_src/api_interface/api_wmi_rx.o
                0x1000fc64                Api_ConnectEvent
 .text.Api_DisconnectEvent
                0x1000fe80      0x15a ./wifi_qca/common_src/api_interface/api_wmi_rx.o
                0x1000fe80                Api_DisconnectEvent
 *fill*         0x1000ffda        0x2 ff
 .text.Api_HostDsetStoreEvent
                0x1000ffdc       0x94 ./wifi_qca/common_src/api_interface/api_wmi_rx.o
                0x1000ffdc                Api_HostDsetStoreEvent
 .text.Api_HostDsetCreateEvent
                0x10010070       0xb0 ./wifi_qca/common_src/api_interface/api_wmi_rx.o
                0x10010070                Api_HostDsetCreateEvent
 .text.Api_HostDsetWriteEvent
                0x10010120       0xcc ./wifi_qca/common_src/api_interface/api_wmi_rx.o
                0x10010120                Api_HostDsetWriteEvent
 .text.Api_HostDsetReadbackEvent
                0x100101ec      0x138 ./wifi_qca/common_src/api_interface/api_wmi_rx.o
                0x100101ec                Api_HostDsetReadbackEvent
 .text.Api_HostDsetSyncEvent
                0x10010324       0xb0 ./wifi_qca/common_src/api_interface/api_wmi_rx.o
                0x10010324                Api_HostDsetSyncEvent
 .text.Api_HostDsetReadEvent
                0x100103d4       0x8c ./wifi_qca/common_src/api_interface/api_wmi_rx.o
                0x100103d4                Api_HostDsetReadEvent
 .text.Api_dset_read_event
                0x10010460       0x96 ./wifi_qca/common_src/api_interface/api_wmi_rx.o
                0x10010460                Api_dset_read_event
 *fill*         0x100104f6        0x2 ff
 .text.Api_DsetOPEvent
                0x100104f8      0x22c ./wifi_qca/common_src/api_interface/api_wmi_rx.o
                0x100104f8                Api_DsetOPEvent
 .text.Api_StoreRecallEvent
                0x10010724       0xa4 ./wifi_qca/common_src/api_interface/api_wmi_rx.o
                0x10010724                Api_StoreRecallEvent
 .text.Api_StoreRecallStartEvent
                0x100107c8       0x56 ./wifi_qca/common_src/api_interface/api_wmi_rx.o
                0x100107c8                Api_StoreRecallStartEvent
 .text.Api_WpsProfileEvent
                0x1001081e       0x98 ./wifi_qca/common_src/api_interface/api_wmi_rx.o
                0x1001081e                Api_WpsProfileEvent
 .text.Api_AggrRecvAddbaReqEvent
                0x100108b6       0x42 ./wifi_qca/common_src/api_interface/api_wmi_rx.o
                0x100108b6                Api_AggrRecvAddbaReqEvent
 .text.Api_AggrRecvDelbaReqEvent
                0x100108f8       0x2a ./wifi_qca/common_src/api_interface/api_wmi_rx.o
                0x100108f8                Api_AggrRecvDelbaReqEvent
 *fill*         0x10010922        0x2 ff
 .text.Api_ReadyEvent
                0x10010924       0x70 ./wifi_qca/common_src/api_interface/api_wmi_rx.o
                0x10010924                Api_ReadyEvent
 .text.Api_RSNASuccessEvent
                0x10010994       0x2a ./wifi_qca/common_src/api_interface/api_wmi_rx.o
                0x10010994                Api_RSNASuccessEvent
 .text.Api_GetTemperatureReply
                0x100109be       0x3e ./wifi_qca/common_src/api_interface/api_wmi_rx.o
                0x100109be                Api_GetTemperatureReply
 .text.Api_GetWpsInitReply
                0x100109fc       0x2c ./wifi_qca/common_src/api_interface/api_wmi_rx.o
                0x100109fc                Api_GetWpsInitReply
 .text.Api_GetCountryCodeReply
                0x10010a28       0x3a ./wifi_qca/common_src/api_interface/api_wmi_rx.o
                0x10010a28                Api_GetCountryCodeReply
 .text.Api_GetSetParamReply
                0x10010a62       0x36 ./wifi_qca/common_src/api_interface/api_wmi_rx.o
                0x10010a62                Api_GetSetParamReply
 .text.p2p_go_neg_event
                0x10010a98       0x2a ./wifi_qca/common_src/api_interface/api_wmi_rx.o
                0x10010a98                p2p_go_neg_event
 .text.p2p_invite_sent_result_event
                0x10010ac2       0x26 ./wifi_qca/common_src/api_interface/api_wmi_rx.o
                0x10010ac2                p2p_invite_sent_result_event
 .text.p2p_node_list_event
                0x10010ae8       0x26 ./wifi_qca/common_src/api_interface/api_wmi_rx.o
                0x10010ae8                p2p_node_list_event
 .text.p2p_list_persistent_network_event
                0x10010b0e       0x26 ./wifi_qca/common_src/api_interface/api_wmi_rx.o
                0x10010b0e                p2p_list_persistent_network_event
 .text.p2p_req_auth_event
                0x10010b34       0x26 ./wifi_qca/common_src/api_interface/api_wmi_rx.o
                0x10010b34                p2p_req_auth_event
 .text.get_p2p_ctx
                0x10010b5a       0x26 ./wifi_qca/common_src/api_interface/api_wmi_rx.o
                0x10010b5a                get_p2p_ctx
 .text.get_p2p_prov_disc_req
                0x10010b80       0x26 ./wifi_qca/common_src/api_interface/api_wmi_rx.o
                0x10010b80                get_p2p_prov_disc_req
 .text.get_p2p_serv_disc_req
                0x10010ba6       0x26 ./wifi_qca/common_src/api_interface/api_wmi_rx.o
                0x10010ba6                get_p2p_serv_disc_req
 .text.p2p_invite_req_rx
                0x10010bcc       0x2e ./wifi_qca/common_src/api_interface/api_wmi_rx.o
                0x10010bcc                p2p_invite_req_rx
 .text.p2p_invite_rcvd_result_ev
                0x10010bfa       0x26 ./wifi_qca/common_src/api_interface/api_wmi_rx.o
                0x10010bfa                p2p_invite_rcvd_result_ev
 .text.Api_TestCmdEventRx
                0x10010c20       0x36 ./wifi_qca/common_src/api_interface/api_wmi_rx.o
                0x10010c20                Api_TestCmdEventRx
 .text.Api_RxDbglogEvent
                0x10010c56       0x14 ./wifi_qca/common_src/api_interface/api_wmi_rx.o
                0x10010c56                Api_RxDbglogEvent
 .text.Api_RxGpioDataEvent
                0x10010c6a       0x22 ./wifi_qca/common_src/api_interface/api_wmi_rx.o
                0x10010c6a                Api_RxGpioDataEvent
 .text.Api_RxHBChallengeEvent
                0x10010c8c       0x3e ./wifi_qca/common_src/api_interface/api_wmi_rx.o
                0x10010c8c                Api_RxHBChallengeEvent
 .text.Api_RxPfmDataEvent
                0x10010cca       0x22 ./wifi_qca/common_src/api_interface/api_wmi_rx.o
                0x10010cca                Api_RxPfmDataEvent
 .text.Api_RxPfmDataDoneEvent
                0x10010cec       0x22 ./wifi_qca/common_src/api_interface/api_wmi_rx.o
                0x10010cec                Api_RxPfmDataDoneEvent
 .text.Api_p2p_go_neg_event
                0x10010d0e       0xa0 ./wifi_qca/common_src/api_interface/api_wmi_rx.o
                0x10010d0e                Api_p2p_go_neg_event
 .text.Api_p2p_node_list_event
                0x10010dae       0xa8 ./wifi_qca/common_src/api_interface/api_wmi_rx.o
                0x10010dae                Api_p2p_node_list_event
 .text.Api_p2p_req_auth_event
                0x10010e56       0x88 ./wifi_qca/common_src/api_interface/api_wmi_rx.o
                0x10010e56                Api_p2p_req_auth_event
 .text.Api_p2p_list_persistent_network_event
                0x10010ede       0x8e ./wifi_qca/common_src/api_interface/api_wmi_rx.o
                0x10010ede                Api_p2p_list_persistent_network_event
 .text.Api_get_p2p_ctx
                0x10010f6c       0x88 ./wifi_qca/common_src/api_interface/api_wmi_rx.o
                0x10010f6c                Api_get_p2p_ctx
 .text.Api_p2p_prov_disc_req
                0x10010ff4       0x88 ./wifi_qca/common_src/api_interface/api_wmi_rx.o
                0x10010ff4                Api_p2p_prov_disc_req
 .text.Api_p2p_serv_disc_req
                0x1001107c       0x88 ./wifi_qca/common_src/api_interface/api_wmi_rx.o
                0x1001107c                Api_p2p_serv_disc_req
 .text.Api_p2p_invite_req
                0x10011104       0x88 ./wifi_qca/common_src/api_interface/api_wmi_rx.o
                0x10011104                Api_p2p_invite_req
 .text.Api_p2p_invite_rcvd_result
                0x1001118c       0x88 ./wifi_qca/common_src/api_interface/api_wmi_rx.o
                0x1001118c                Api_p2p_invite_rcvd_result
 .text.Api_p2p_invite_send_result
                0x10011214       0x88 ./wifi_qca/common_src/api_interface/api_wmi_rx.o
                0x10011214                Api_p2p_invite_send_result
 .text.Api_Test_Cmd_Event
                0x1001129c       0x2e ./wifi_qca/common_src/api_interface/api_wmi_rx.o
                0x1001129c                Api_Test_Cmd_Event
 .text.Api_ProbeReqEvent
                0x100112ca       0x1c ./wifi_qca/common_src/api_interface/api_wmi_rx.o
                0x100112ca                Api_ProbeReqEvent
 *fill*         0x100112e6        0x2 ff
 .text.DbgConsole_Init
                0x100112e8       0x3c ./utilities/fsl_debug_console.o
                0x100112e8                DbgConsole_Init
 .text.DbgConsole_Printf
                0x10011324       0x4c ./utilities/fsl_debug_console.o
                0x10011324                DbgConsole_Printf
 .text.DbgConsole_RelocateLog
                0x10011370       0x66 ./utilities/fsl_debug_console.o
 *fill*         0x100113d6        0x2 ff
 .text.IO_Init  0x100113d8       0x60 ./utilities/fsl_io.o
                0x100113d8                IO_Init
 .text.IO_Transfer
                0x10011438       0x5c ./utilities/fsl_io.o
                0x10011438                IO_Transfer
 .text.LOG_Init
                0x10011494       0x32 ./utilities/fsl_log.o
                0x10011494                LOG_Init
 *fill*         0x100114c6        0x2 ff
 .text.LOG_Push
                0x100114c8       0x2c ./utilities/fsl_log.o
                0x100114c8                LOG_Push
 .text.LOG_Pop  0x100114f4       0x46 ./utilities/fsl_log.o
                0x100114f4                LOG_Pop
 .text.ConvertRadixNumToString
                0x1001153a      0x10a ./utilities/fsl_str.o
 .text.StrFormatPrintf
                0x10011644      0x2e8 ./utilities/fsl_str.o
                0x10011644                StrFormatPrintf
 .text.WDT_BOD_IRQHandler
                0x1001192c        0x8 ./startup/startup_lpc54018.o
                0x1001192c                WDT_BOD_IRQHandler
 .text.DMA0_IRQHandler
                0x10011934        0x8 ./startup/startup_lpc54018.o
                0x10011934                DMA0_IRQHandler
 .text.GINT0_IRQHandler
                0x1001193c        0x8 ./startup/startup_lpc54018.o
                0x1001193c                GINT0_IRQHandler
 .text.GINT1_IRQHandler
                0x10011944        0x8 ./startup/startup_lpc54018.o
                0x10011944                GINT1_IRQHandler
 .text.PIN_INT0_IRQHandler
                0x1001194c        0x8 ./startup/startup_lpc54018.o
                0x1001194c                PIN_INT0_IRQHandler
 .text.PIN_INT1_IRQHandler
                0x10011954        0x8 ./startup/startup_lpc54018.o
                0x10011954                PIN_INT1_IRQHandler
 .text.PIN_INT2_IRQHandler
                0x1001195c        0x8 ./startup/startup_lpc54018.o
                0x1001195c                PIN_INT2_IRQHandler
 .text.PIN_INT3_IRQHandler
                0x10011964        0x8 ./startup/startup_lpc54018.o
                0x10011964                PIN_INT3_IRQHandler
 .text.UTICK0_IRQHandler
                0x1001196c        0x8 ./startup/startup_lpc54018.o
                0x1001196c                UTICK0_IRQHandler
 .text.MRT0_IRQHandler
                0x10011974        0x8 ./startup/startup_lpc54018.o
                0x10011974                MRT0_IRQHandler
 .text.CTIMER0_IRQHandler
                0x1001197c        0x8 ./startup/startup_lpc54018.o
                0x1001197c                CTIMER0_IRQHandler
 .text.CTIMER1_IRQHandler
                0x10011984        0x8 ./startup/startup_lpc54018.o
                0x10011984                CTIMER1_IRQHandler
 .text.SCT0_IRQHandler
                0x1001198c        0x8 ./startup/startup_lpc54018.o
                0x1001198c                SCT0_IRQHandler
 .text.CTIMER3_IRQHandler
                0x10011994        0x8 ./startup/startup_lpc54018.o
                0x10011994                CTIMER3_IRQHandler
 .text.FLEXCOMM0_IRQHandler
                0x1001199c        0x8 ./startup/startup_lpc54018.o
                0x1001199c                FLEXCOMM0_IRQHandler
 .text.FLEXCOMM1_IRQHandler
                0x100119a4        0x8 ./startup/startup_lpc54018.o
                0x100119a4                FLEXCOMM1_IRQHandler
 .text.FLEXCOMM2_IRQHandler
                0x100119ac        0x8 ./startup/startup_lpc54018.o
                0x100119ac                FLEXCOMM2_IRQHandler
 .text.FLEXCOMM3_IRQHandler
                0x100119b4        0x8 ./startup/startup_lpc54018.o
                0x100119b4                FLEXCOMM3_IRQHandler
 .text.FLEXCOMM4_IRQHandler
                0x100119bc        0x8 ./startup/startup_lpc54018.o
                0x100119bc                FLEXCOMM4_IRQHandler
 .text.FLEXCOMM5_IRQHandler
                0x100119c4        0x8 ./startup/startup_lpc54018.o
                0x100119c4                FLEXCOMM5_IRQHandler
 .text.FLEXCOMM6_IRQHandler
                0x100119cc        0x8 ./startup/startup_lpc54018.o
                0x100119cc                FLEXCOMM6_IRQHandler
 .text.FLEXCOMM7_IRQHandler
                0x100119d4        0x8 ./startup/startup_lpc54018.o
                0x100119d4                FLEXCOMM7_IRQHandler
 .text.ADC0_SEQA_IRQHandler
                0x100119dc        0x8 ./startup/startup_lpc54018.o
                0x100119dc                ADC0_SEQA_IRQHandler
 .text.ADC0_SEQB_IRQHandler
                0x100119e4        0x8 ./startup/startup_lpc54018.o
                0x100119e4                ADC0_SEQB_IRQHandler
 .text.ADC0_THCMP_IRQHandler
                0x100119ec        0x8 ./startup/startup_lpc54018.o
                0x100119ec                ADC0_THCMP_IRQHandler
 .text.DMIC0_IRQHandler
                0x100119f4        0x8 ./startup/startup_lpc54018.o
                0x100119f4                DMIC0_IRQHandler
 .text.HWVAD0_IRQHandler
                0x100119fc        0x8 ./startup/startup_lpc54018.o
                0x100119fc                HWVAD0_IRQHandler
 .text.USB0_NEEDCLK_IRQHandler
                0x10011a04        0x8 ./startup/startup_lpc54018.o
                0x10011a04                USB0_NEEDCLK_IRQHandler
 .text.USB0_IRQHandler
                0x10011a0c        0x8 ./startup/startup_lpc54018.o
                0x10011a0c                USB0_IRQHandler
 .text.RTC_IRQHandler
                0x10011a14        0x8 ./startup/startup_lpc54018.o
                0x10011a14                RTC_IRQHandler
 .text.FLEXCOMM10_IRQHandler
                0x10011a1c        0x8 ./startup/startup_lpc54018.o
                0x10011a1c                FLEXCOMM10_IRQHandler
 .text.Reserved47_IRQHandler
                0x10011a24        0x8 ./startup/startup_lpc54018.o
                0x10011a24                Reserved47_IRQHandler
 .text.PIN_INT4_IRQHandler
                0x10011a2c        0x8 ./startup/startup_lpc54018.o
                0x10011a2c                PIN_INT4_IRQHandler
 .text.PIN_INT5_IRQHandler
                0x10011a34        0x8 ./startup/startup_lpc54018.o
                0x10011a34                PIN_INT5_IRQHandler
 .text.PIN_INT6_IRQHandler
                0x10011a3c        0x8 ./startup/startup_lpc54018.o
                0x10011a3c                PIN_INT6_IRQHandler
 .text.PIN_INT7_IRQHandler
                0x10011a44        0x8 ./startup/startup_lpc54018.o
                0x10011a44                PIN_INT7_IRQHandler
 .text.CTIMER2_IRQHandler
                0x10011a4c        0x8 ./startup/startup_lpc54018.o
                0x10011a4c                CTIMER2_IRQHandler
 .text.CTIMER4_IRQHandler
                0x10011a54        0x8 ./startup/startup_lpc54018.o
                0x10011a54                CTIMER4_IRQHandler
 .text.RIT_IRQHandler
                0x10011a5c        0x8 ./startup/startup_lpc54018.o
                0x10011a5c                RIT_IRQHandler
 .text.SPIFI0_IRQHandler
                0x10011a64        0x8 ./startup/startup_lpc54018.o
                0x10011a64                SPIFI0_IRQHandler
 .text.FLEXCOMM8_IRQHandler
                0x10011a6c        0x8 ./startup/startup_lpc54018.o
                0x10011a6c                FLEXCOMM8_IRQHandler
 .text.FLEXCOMM9_IRQHandler
                0x10011a74        0x8 ./startup/startup_lpc54018.o
                0x10011a74                FLEXCOMM9_IRQHandler
 .text.SDIO_IRQHandler
                0x10011a7c        0x8 ./startup/startup_lpc54018.o
                0x10011a7c                SDIO_IRQHandler
 .text.CAN0_IRQ0_IRQHandler
                0x10011a84        0x8 ./startup/startup_lpc54018.o
                0x10011a84                CAN0_IRQ0_IRQHandler
 .text.CAN0_IRQ1_IRQHandler
                0x10011a8c        0x8 ./startup/startup_lpc54018.o
                0x10011a8c                CAN0_IRQ1_IRQHandler
 .text.CAN1_IRQ0_IRQHandler
                0x10011a94        0x8 ./startup/startup_lpc54018.o
                0x10011a94                CAN1_IRQ0_IRQHandler
 .text.CAN1_IRQ1_IRQHandler
                0x10011a9c        0x8 ./startup/startup_lpc54018.o
                0x10011a9c                CAN1_IRQ1_IRQHandler
 .text.USB1_IRQHandler
                0x10011aa4        0x8 ./startup/startup_lpc54018.o
                0x10011aa4                USB1_IRQHandler
 .text.USB1_NEEDCLK_IRQHandler
                0x10011aac        0x8 ./startup/startup_lpc54018.o
                0x10011aac                USB1_NEEDCLK_IRQHandler
 .text.ETHERNET_IRQHandler
                0x10011ab4        0x8 ./startup/startup_lpc54018.o
                0x10011ab4                ETHERNET_IRQHandler
 .text.ETHERNET_PMT_IRQHandler
                0x10011abc        0x8 ./startup/startup_lpc54018.o
                0x10011abc                ETHERNET_PMT_IRQHandler
 .text.ETHERNET_MACLP_IRQHandler
                0x10011ac4        0x8 ./startup/startup_lpc54018.o
                0x10011ac4                ETHERNET_MACLP_IRQHandler
 .text.Reserved68_IRQHandler
                0x10011acc        0x8 ./startup/startup_lpc54018.o
                0x10011acc                Reserved68_IRQHandler
 .text.LCD_IRQHandler
                0x10011ad4        0x8 ./startup/startup_lpc54018.o
                0x10011ad4                LCD_IRQHandler
 .text.SHA_IRQHandler
                0x10011adc        0x8 ./startup/startup_lpc54018.o
                0x10011adc                SHA_IRQHandler
 .text.SMARTCARD0_IRQHandler
                0x10011ae4        0x8 ./startup/startup_lpc54018.o
                0x10011ae4                SMARTCARD0_IRQHandler
 .text.SMARTCARD1_IRQHandler
                0x10011aec        0x8 ./startup/startup_lpc54018.o
                0x10011aec                SMARTCARD1_IRQHandler
 .text.prvGenerateDesiredJSON
                0x10011af4       0x44 ./source/aws_shadow_lightbulb_on_off.o
 .text.prvGenerateReportedJSON
                0x10011b38       0x38 ./source/aws_shadow_lightbulb_on_off.o
 .text.prvIsStringEqual
                0x10011b70       0x58 ./source/aws_shadow_lightbulb_on_off.o
 .text.prvDeltaCallback
                0x10011bc8      0x13c ./source/aws_shadow_lightbulb_on_off.o
 .text.prvUpdateQueueTask
                0x10011d04       0x9c ./source/aws_shadow_lightbulb_on_off.o
 .text.prvShadowClientCreateConnect
                0x10011da0       0xb8 ./source/aws_shadow_lightbulb_on_off.o
 .text.prvChangeDesiredTask
                0x10011e58      0x13c ./source/aws_shadow_lightbulb_on_off.o
 .text.prvShadowInitTask
                0x10011f94      0x17c ./source/aws_shadow_lightbulb_on_off.o
 .text.vStartShadowDemoTasks
                0x10012110       0x2c ./source/aws_shadow_lightbulb_on_off.o
                0x10012110                vStartShadowDemoTasks
 .text.__NVIC_ClearPendingIRQ
                0x1001213c       0x38 ./source/main.o
 .text.vApplicationDaemonTaskStartupHook
                0x10012174       0x34 ./source/main.o
                0x10012174                vApplicationDaemonTaskStartupHook
 .text.main     0x100121a8       0x74 ./source/main.o
                0x100121a8                main
 .text.prvWifiConnect
                0x1001221c       0xbc ./source/main.o
 .text.vApplicationGetIdleTaskMemory
                0x100122d8       0x28 ./source/main.o
                0x100122d8                vApplicationGetIdleTaskMemory
 .text.vApplicationGetTimerTaskMemory
                0x10012300       0x2c ./source/main.o
                0x10012300                vApplicationGetTimerTaskMemory
 .text.vApplicationMallocFailedHook
                0x1001232c       0x10 ./source/main.o
                0x1001232c                vApplicationMallocFailedHook
 .text.vApplicationStackOverflowHook
                0x1001233c       0x1a ./source/main.o
                0x1001233c                vApplicationStackOverflowHook
 .text.pvPortCalloc
                0x10012356       0x28 ./source/main.o
                0x10012356                pvPortCalloc
 .text.HardFault_Handler
                0x1001237e       0x2a ./source/semihost_hardfault.o
                0x1001237e                HardFault_Handler
 .text.CRYPTO_InitHardware
                0x100123a8        0x4 ./mbedTLS/port/ksdk/ksdk_mbedtls.o
                0x100123a8                CRYPTO_InitHardware
 .text.RNG_GetRandomData
                0x100123ac       0x18 ./mbedTLS/port/ksdk/ksdk_mbedtls.o
 .text.mbedtls_hardware_poll
                0x100123c4       0x90 ./mbedTLS/port/ksdk/ksdk_mbedtls.o
                0x100123c4                mbedtls_hardware_poll
 .text.mbedtls_zeroize
                0x10012454       0x26 ./mbedTLS/library/aes.o
 .text.mbedtls_aes_init
                0x1001247a       0x1a ./mbedTLS/library/aes.o
                0x1001247a                mbedtls_aes_init
 .text.mbedtls_aes_free
                0x10012494       0x20 ./mbedTLS/library/aes.o
                0x10012494                mbedtls_aes_free
 .text.mbedtls_aes_setkey_enc
                0x100124b4      0x388 ./mbedTLS/library/aes.o
                0x100124b4                mbedtls_aes_setkey_enc
 .text.mbedtls_aes_setkey_dec
                0x1001283c      0x198 ./mbedTLS/library/aes.o
                0x1001283c                mbedtls_aes_setkey_dec
 .text.mbedtls_internal_aes_encrypt
                0x100129d4      0x5bc ./mbedTLS/library/aes.o
                0x100129d4                mbedtls_internal_aes_encrypt
 .text.mbedtls_internal_aes_decrypt
                0x10012f90      0x5bc ./mbedTLS/library/aes.o
                0x10012f90                mbedtls_internal_aes_decrypt
 .text.mbedtls_aes_crypt_ecb
                0x1001354c       0x34 ./mbedTLS/library/aes.o
                0x1001354c                mbedtls_aes_crypt_ecb
 .text.mbedtls_aes_crypt_cbc
                0x10013580       0xf6 ./mbedTLS/library/aes.o
                0x10013580                mbedtls_aes_crypt_cbc
 .text.mbedtls_aes_crypt_cfb128
                0x10013676       0xce ./mbedTLS/library/aes.o
                0x10013676                mbedtls_aes_crypt_cfb128
 .text.mbedtls_aes_crypt_ctr
                0x10013744       0x9c ./mbedTLS/library/aes.o
                0x10013744                mbedtls_aes_crypt_ctr
 .text.mbedtls_zeroize
                0x100137e0       0x26 ./mbedTLS/library/asn1parse.o
 *fill*         0x10013806        0x2 ff
 .text.mbedtls_asn1_get_len
                0x10013808      0x17c ./mbedTLS/library/asn1parse.o
                0x10013808                mbedtls_asn1_get_len
 .text.mbedtls_asn1_get_tag
                0x10013984       0x50 ./mbedTLS/library/asn1parse.o
                0x10013984                mbedtls_asn1_get_tag
 .text.mbedtls_asn1_get_bool
                0x100139d4       0x58 ./mbedTLS/library/asn1parse.o
                0x100139d4                mbedtls_asn1_get_bool
 .text.mbedtls_asn1_get_int
                0x10013a2c       0x78 ./mbedTLS/library/asn1parse.o
                0x10013a2c                mbedtls_asn1_get_int
 .text.mbedtls_asn1_get_mpi
                0x10013aa4       0x48 ./mbedTLS/library/asn1parse.o
                0x10013aa4                mbedtls_asn1_get_mpi
 .text.mbedtls_asn1_get_bitstring
                0x10013aec       0x8c ./mbedTLS/library/asn1parse.o
                0x10013aec                mbedtls_asn1_get_bitstring
 .text.mbedtls_asn1_get_bitstring_null
                0x10013b78       0x50 ./mbedTLS/library/asn1parse.o
                0x10013b78                mbedtls_asn1_get_bitstring_null
 .text.mbedtls_asn1_get_sequence_of
                0x10013bc8       0xd4 ./mbedTLS/library/asn1parse.o
                0x10013bc8                mbedtls_asn1_get_sequence_of
 .text.mbedtls_asn1_get_alg
                0x10013c9c       0xf2 ./mbedTLS/library/asn1parse.o
                0x10013c9c                mbedtls_asn1_get_alg
 .text.mbedtls_asn1_write_len
                0x10013d8e      0x1d0 ./mbedTLS/library/asn1write.o
                0x10013d8e                mbedtls_asn1_write_len
 .text.mbedtls_asn1_write_tag
                0x10013f5e       0x3c ./mbedTLS/library/asn1write.o
                0x10013f5e                mbedtls_asn1_write_tag
 .text.mbedtls_asn1_write_mpi
                0x10013f9a       0xea ./mbedTLS/library/asn1write.o
                0x10013f9a                mbedtls_asn1_write_mpi
 .text.mbedtls_base64_decode
                0x10014084      0x230 ./mbedTLS/library/base64.o
                0x10014084                mbedtls_base64_decode
 .text.mbedtls_cipher_get_block_size
                0x100142b4       0x22 ./mbedTLS/library/cipher.o
 .text.mbedtls_cipher_get_iv_size
                0x100142d6       0x30 ./mbedTLS/library/cipher.o
 .text.mbedtls_zeroize
                0x10014306       0x26 ./mbedTLS/library/cipher.o
 .text.mbedtls_cipher_info_from_type
                0x1001432c       0x3c ./mbedTLS/library/cipher.o
                0x1001432c                mbedtls_cipher_info_from_type
 .text.mbedtls_cipher_info_from_values
                0x10014368       0x60 ./mbedTLS/library/cipher.o
                0x10014368                mbedtls_cipher_info_from_values
 .text.mbedtls_cipher_init
                0x100143c8       0x18 ./mbedTLS/library/cipher.o
                0x100143c8                mbedtls_cipher_init
 .text.mbedtls_cipher_free
                0x100143e0       0x36 ./mbedTLS/library/cipher.o
                0x100143e0                mbedtls_cipher_free
 *fill*         0x10014416        0x2 ff
 .text.mbedtls_cipher_setup
                0x10014418       0x5c ./mbedTLS/library/cipher.o
                0x10014418                mbedtls_cipher_setup
 .text.mbedtls_cipher_setkey